******************************************************************************
                  TI ARM Linker PC v5.1.5                      
******************************************************************************
>> Linked Sat Nov 29 16:05:13 2014

OUTPUT FILE NAME:   <temperature_tmp006.out>
ENTRY POINT SYMBOL: "_c_int00"  address: 00002399


MEMORY CONFIGURATION

         name            origin    length      used     unused   attr    fill
----------------------  --------  ---------  --------  --------  ----  --------
  FLASH                 00000000   00040000  00002c30  0003d3d0  R  X
  SRAM                  20000000   00008000  00000b7d  00007483  RW X


SEGMENT ALLOCATION MAP

run origin  load origin   length   init length attrs members
----------  ----------- ---------- ----------- ----- -------
00000000    00000000    00002c38   00002c38    r-x
  00000000    00000000    0000026c   0000026c    r-- .intvecs
  0000026c    0000026c    00002846   00002846    r-x .text
  00002ab4    00002ab4    00000116   00000116    r-- .const
  00002bd0    00002bd0    00000068   00000068    r-- .cinit
20000000    20000000    00000b84   00000000    rw-
  20000000    20000000    00000629   00000000    rw- .bss
  2000062c    2000062c    00000400   00000000    rw- .stack
  20000a30    20000a30    00000154   00000000    rw- .data


SECTION ALLOCATION MAP

 output                                  attributes/
section   page    origin      length       input sections
--------  ----  ----------  ----------   ----------------
.intvecs   0    00000000    0000026c     
                  00000000    0000026c     startup_ccs.obj (.intvecs)

.init_array 
*          0    00000000    00000000     UNINITIALIZED

.text      0    0000026c    00002846     
                  0000026c    00000328     temperature_tmp006.obj (.text:main)
                  00000594    00000204     sensorlib.lib : tmp006.obj (.text:TMP006DataTemperatureGetFloat)
                  00000798    000001ea     uartstdio.obj (.text:UARTvprintf)
                  00000982    000001b6     rtsv7M4_T_le_v4SPD16_eabi.lib : fd_add_t2.obj (.text)
                  00000b38    00000160     uartstdio.obj (.text:UARTStdioIntHandler)
                  00000c98    00000144     temperature_tmp006.obj (.text:HumiditySht)
                  00000ddc    00000136     rtsv7M4_T_le_v4SPD16_eabi.lib : fd_div_t2.obj (.text)
                  00000f12    00000130     driverlib.lib : gpio.obj (.text:GPIOPadConfigSet)
                  00001042    00000002     startup_ccs.obj (.text:FaultISR)
                  00001044    00000118     driverlib.lib : sysctl.obj (.text:SysCtlClockGet)
                  0000115c    00000100     rgb.obj (.text:RGBInit)
                  0000125c    000000fc     rtsv7M4_T_le_v4SPD16_eabi.lib : fd_mul_t2.obj (.text)
                  00001358    000000f2     sensorlib.lib : i2cm_drv.obj (.text:I2CMIntHandler)
                  0000144a    00000002     startup_ccs.obj (.text:IntDefaultHandler)
                  0000144c    000000c0     rgb.obj (.text:RGBEnable)
                  0000150c    000000b0     temperature_tmp006.obj (.text:TMP006AppErrorHandler)
                  000015bc    000000b0     uartstdio.obj (.text:UARTStdioConfig)
                  0000166c    000000a8     uartstdio.obj (.text:UARTwrite)
                  00001714    0000009c     rtsv7M4_T_le_v4SPD16_eabi.lib : memcpy_t2.obj (.text)
                  000017b0    00000098     sensorlib.lib : i2cm_drv.obj (.text:I2CMStateIdle)
                  00001848    00000094     rtsv7M4_T_le_v4SPD16_eabi.lib : auto_init.obj (.text)
                  000018dc    00000090     rgb.obj (.text:RGBColorSet)
                  0000196c    0000008c     uartstdio.obj (.text:UARTPrimeTransmit)
                  000019f8    00000088     sensorlib.lib : sht21.obj (.text:SHT21DataHumidityGetFloat)
                  00001a80    00000084                   : i2cm_drv.obj (.text:I2CMCommand)
                  00001b04    00000078     rgb.obj (.text:RGBBlinkRateSet)
                  00001b7c    00000074     sensorlib.lib : i2cm_drv.obj (.text:I2CMReadModifyWrite16LE)
                  00001bf0    0000006c                   : i2cm_drv.obj (.text:I2CMReadModifyWrite16LECallback)
                  00001c5c    00000068     rgb.obj (.text:RGBDisable)
                  00001cc4    00000068     sensorlib.lib : sht21.obj (.text:SHT21DataTemperatureGetFloat)
                  00001d2c    00000064     temperature_tmp006.obj (.text:ConfigureUART)
                  00001d90    00000064     driverlib.lib : interrupt.obj (.text:IntIsEnabled)
                  00001df4    00000060                   : interrupt.obj (.text:IntDisable)
                  00001e54    00000060                   : interrupt.obj (.text:IntEnable)
                  00001eb4    00000060     sensorlib.lib : tmp006.obj (.text:TMP006ReadModifyWrite)
                  00001f14    0000005e                   : i2cm_drv.obj (.text:I2CMStateWritePause)
                  00001f72    0000005e     rtsv7M4_T_le_v4SPD16_eabi.lib : copy_decompress_rle.obj (.text)
                  00001fd0    0000005c     sensorlib.lib : tmp006.obj (.text:TMP006Callback)
                  0000202c    0000005c                   : tmp006.obj (.text:TMP006Init)
                  00002088    00000058                   : i2cm_drv.obj (.text:I2CMWrite8)
                  000020e0    00000054                   : tmp006.obj (.text:TMP006DataRead)
                  00002134    00000050                   : sht21.obj (.text:SHT21Init)
                  00002184    00000050     rtsv7M4_T_le_v4SPD16_eabi.lib : fs_toull_t2.obj (.text)
                  000021d4    0000004e     sensorlib.lib : i2cm_drv.obj (.text:I2CMStateWriteFinal)
                  00002222    00000002     startup_ccs.obj (.text:NmiSR)
                  00002224    0000004c     sensorlib.lib : sht21.obj (.text:SHT21DataRead)
                  00002270    0000004c                   : sht21.obj (.text:SHT21Write)
                  000022bc    0000004a     rtsv7M4_T_le_v4SPD16_eabi.lib : fd_tos_t2.obj (.text)
                  00002306    00000048     sensorlib.lib : i2cm_drv.obj (.text:I2CMStateReadNext)
                  0000234e    00000002     --HOLE-- [fill = 0]
                  00002350    00000048     driverlib.lib : i2c.obj (.text:I2CMasterInitExpClk)
                  00002398    00000048     rtsv7M4_T_le_v4SPD16_eabi.lib : boot.obj (.text)
                  000023e0    00000046     sensorlib.lib : i2cm_drv.obj (.text:I2CMStateWriteNext)
                  00002426    00000044                   : i2cm_drv.obj (.text:I2CMStateCallback)
                  0000246a    00000002     --HOLE-- [fill = 0]
                  0000246c    00000044     temperature_tmp006.obj (.text:SHT21AppI2CWait)
                  000024b0    00000044     rtsv7M4_T_le_v4SPD16_eabi.lib : cpy_tbl.obj (.text)
                  000024f4    00000044                                   : exit.obj (.text)
                  00002538    00000042                                   : u_divt2.obj (.text)
                  0000257a    00000002     --HOLE-- [fill = 0]
                  0000257c    00000040                                   : signal.obj (.text)
                  000025bc    0000003e     sensorlib.lib : i2cm_drv.obj (.text:I2CMStateReadFinal)
                  000025fa    0000003e                   : i2cm_drv.obj (.text:I2CMStateReadPause)
                  00002638    0000003c     uartstdio.obj (.text:UARTFlushTx)
                  00002674    00000038     sensorlib.lib : i2cm_drv.obj (.text:I2CMWrite8Callback)
                  000026ac    00000038     rgb.obj (.text:RGBBlinkIntHandler)
                  000026e4    00000038     rtsv7M4_T_le_v4SPD16_eabi.lib : fs_tod_t2.obj (.text)
                  0000271c    00000034     sensorlib.lib : i2cm_drv.obj (.text:I2CMInit)
                  00002750    00000034     temperature_tmp006.obj (.text:IntGPIOe)
                  00002784    00000034     rtsv7M4_T_le_v4SPD16_eabi.lib : feraiseexcept.obj (.text)
                  000027b8    00000030     sensorlib.lib : i2cm_drv.obj (.text:I2CMTransferResume)
                  000027e8    00000030     rtsv7M4_T_le_v4SPD16_eabi.lib : xferaise.obj (.text)
                  00002818    0000002e                                   : raise.obj (.text)
                  00002846    00000002     --HOLE-- [fill = 0]
                  00002848    0000002c     uartstdio.obj (.text:UARTFlushRx)
                  00002874    0000002a     driverlib.lib : gpio.obj (.text:GPIODirModeSet)
                  0000289e    0000002a     sensorlib.lib : i2cm_drv.obj (.text:I2CMStateReadFirst)
                  000028c8    00000024     rtsv7M4_T_le_v4SPD16_eabi.lib : sqrtf.obj (.text)
                  000028ec    00000020     sensorlib.lib : i2cm_drv.obj (.text:I2CMStateReadOne)
                  0000290c    0000001a     uartstdio.obj (.text:UARTprintf)
                  00002926    00000018     sensorlib.lib : i2cm_drv.obj (.text:I2CMStateReadWait)
                  0000293e    00000018     uartstdio.obj (.text:IsBufferFull)
                  00002956    00000002     --HOLE-- [fill = 0]
                  00002958    00000018     temperature_tmp006.obj (.text:TMP006AppCallback)
                  00002970    00000018     sensorlib.lib : tmp006.obj (.text:TMP006DataTemperatureGetRaw)
                  00002988    00000018     rtsv7M4_T_le_v4SPD16_eabi.lib : args_main.obj (.text)
                  000029a0    00000016     sensorlib.lib : sht21.obj (.text:SHT21Callback)
                  000029b6    00000002     --HOLE-- [fill = 0]
                  000029b8    00000014     rgb.obj (.text:RGBIntensitySet)
                  000029cc    00000014     rtsv7M4_T_le_v4SPD16_eabi.lib : _lock.obj (.text)
                  000029e0    00000012     driverlib.lib : gpio.obj (.text:GPIOPinTypeI2CSCL)
                  000029f2    00000012     rtsv7M4_T_le_v4SPD16_eabi.lib : copy_zero_init.obj (.text:decompress:ZI)
                  00002a04    0000000e     driverlib.lib : gpio.obj (.text:GPIOIntStatus)
                  00002a12    0000000e     uartstdio.obj (.text:IsBufferEmpty)
                  00002a20    0000000e     rtsv7M4_T_le_v4SPD16_eabi.lib : copy_decompress_none.obj (.text:decompress:none)
                  00002a2e    0000000c     driverlib.lib : gpio.obj (.text:GPIOIntEnable)
                  00002a3a    00000002     --HOLE-- [fill = 0]
                  00002a3c    0000000c                   : interrupt.obj (.text:IntTrigger)
                  00002a48    0000000c     sensorlib.lib : sht21.obj (.text:SHT21DataHumidityGetRaw)
                  00002a54    0000000c                   : sht21.obj (.text:SHT21DataTemperatureGetRaw)
                  00002a60    0000000c     temperature_tmp006.obj (.text:TMP006I2CIntHandler)
                  00002a6c    0000000a     driverlib.lib : i2c.obj (.text:I2CMasterEnable)
                  00002a76    00000008                   : i2c.obj (.text:I2CMasterIntClear)
                  00002a7e    00000008                   : i2c.obj (.text:I2CMasterIntEnableEx)
                  00002a86    00000008                   : i2c.obj (.text:I2CMasterSlaveAddrSet)
                  00002a8e    00000006                   : gpio.obj (.text:GPIOIntClear)
                  00002a94    00000006     startup_ccs.obj (.text:ResetISR)
                  00002a9a    00000006     driverlib.lib : uart.obj (.text:UARTClockSourceSet)
                  00002aa0    00000006     rtsv7M4_T_le_v4SPD16_eabi.lib : copy_decompress_rle.obj (.text:decompress:rle24)
                  00002aa6    00000004     driverlib.lib : i2c.obj (.text:I2CMasterControl)
                  00002aaa    00000004                   : i2c.obj (.text:I2CMasterDataGet)
                  00002aae    00000004                   : i2c.obj (.text:I2CMasterDataPut)

.const     0    00002ab4    00000116     
                  00002ab4    00000070     driverlib.lib : interrupt.obj (.const)
                  00002b24    0000006c                   : sysctl.obj (.const:g_pui32Xtals)
                  00002b90    00000028     uartstdio.obj (.const)
                  00002bb8    00000012     uartstdio.obj (.const:.string)

.cinit     0    00002bd0    00000068     
                  00002bd0    0000003f     (.cinit..data.load) [load image, compression = rle]
                  00002c0f    00000001     --HOLE-- [fill = 0]
                  00002c10    0000000c     (__TI_handler_table)
                  00002c1c    00000004     --HOLE-- [fill = 0]
                  00002c20    00000008     (.cinit..bss.load) [load image, compression = zero_init]
                  00002c28    00000010     (__TI_cinit_table)

.bss       0    20000000    00000629     UNINITIALIZED
                  20000000    00000400     uartstdio.obj (.bss:g_pcUARTTxBuffer)
                  20000400    00000124     temperature_tmp006.obj (.bss:g_sI2CInst)
                  20000524    00000080     uartstdio.obj (.bss:g_pcUARTRxBuffer)
                  200005a4    00000030     temperature_tmp006.obj (.bss:g_sTMP006Inst)
                  200005d4    0000002c     temperature_tmp006.obj (.bss:g_sSHT21Inst)
                  20000600    0000000c     (.common:g_pui32Colors)
                  2000060c    0000000c     (.common:g_ui32Colors)
                  20000618    00000004     (.common:g_ui32PortNum)
                  2000061c    00000004     (.common:g_vui8DataFlag)
                  20000620    00000004     (.common:g_vui8ErrorFlag)
                  20000624    00000004     (.common:ulFlags$1)
                  20000628    00000001     (.common:g_bDisableEcho)

.stack     0    2000062c    00000400     UNINITIALIZED
                  2000062c    00000400     --HOLE--

.data      0    20000a30    00000154     UNINITIALIZED
                  20000a30    000000b0     rtsv7M4_T_le_v4SPD16_eabi.lib : signal.obj (.data:sigtable)
                  20000ae0    00000068                                   : xfvalues.obj (.data)
                  20000b48    00000015     uartstdio.obj (.data)
                  20000b5d    00000003     --HOLE--
                  20000b60    00000008     rtsv7M4_T_le_v4SPD16_eabi.lib : _lock.obj (.data)
                  20000b68    00000008                                   : exit.obj (.data)
                  20000b70    00000008                                   : feraiseexcept.obj (.data)
                  20000b78    00000004     rgb.obj (.data)
                  20000b7c    00000004     rtsv7M4_T_le_v4SPD16_eabi.lib : errno.obj (.data)
                  20000b80    00000004                                   : stkdepth_vars.obj (.data)


LINKER GENERATED COPY TABLES

__TI_cinit_table @ 00002c28 records: 2, size/record: 8, table size: 16
	.data: load addr=00002bd0, load size=0000003f bytes, run addr=20000a30, run size=00000154 bytes, compression=rle
	.bss: load addr=00002c20, load size=00000008 bytes, run addr=20000000, run size=00000629 bytes, compression=zero_init


LINKER GENERATED HANDLER TABLE

__TI_handler_table @ 00002c10 records: 3, size/record: 4, table size: 12
	index: 0, handler: __TI_decompress_rle24
	index: 1, handler: __TI_decompress_none
	index: 2, handler: __TI_zero_init


GLOBAL SYMBOLS: SORTED ALPHABETICALLY BY Name 

address    name
--------   ----
000024f5   C$$EXIT
00001d2d   ConfigureUART
00002875   GPIODirModeSet
00002a8f   GPIOIntClear
00002a2f   GPIOIntEnable
00002a05   GPIOIntStatus
00000f13   GPIOPadConfigSet
000029e1   GPIOPinTypeI2CSCL
00000c99   HumiditySht
00001a81   I2CMCommand
0000271d   I2CMInit
00001359   I2CMIntHandler
00001b7d   I2CMReadModifyWrite16LE
000027b9   I2CMTransferResume
00002089   I2CMWrite8
00002aa7   I2CMasterControl
00002aab   I2CMasterDataGet
00002aaf   I2CMasterDataPut
00002a6d   I2CMasterEnable
00002351   I2CMasterInitExpClk
00002a77   I2CMasterIntClear
00002a7f   I2CMasterIntEnableEx
00002a87   I2CMasterSlaveAddrSet
00001df5   IntDisable
00001e55   IntEnable
00002751   IntGPIOe
00001d91   IntIsEnabled
00002a3d   IntTrigger
000026ad   RGBBlinkIntHandler
00001b05   RGBBlinkRateSet
000018dd   RGBColorSet
00001c5d   RGBDisable
0000144d   RGBEnable
0000115d   RGBInit
000029b9   RGBIntensitySet
00002a95   ResetISR
UNDEFED    SHT$$INIT_ARRAY$$Base
UNDEFED    SHT$$INIT_ARRAY$$Limit
0000246d   SHT21AppI2CWait
000019f9   SHT21DataHumidityGetFloat
00002a49   SHT21DataHumidityGetRaw
00002225   SHT21DataRead
00001cc5   SHT21DataTemperatureGetFloat
00002a55   SHT21DataTemperatureGetRaw
00002135   SHT21Init
00002271   SHT21Write
00001045   SysCtlClockGet
00002959   TMP006AppCallback
0000150d   TMP006AppErrorHandler
000020e1   TMP006DataRead
00000595   TMP006DataTemperatureGetFloat
00002971   TMP006DataTemperatureGetRaw
00002a61   TMP006I2CIntHandler
0000202d   TMP006Init
00001eb5   TMP006ReadModifyWrite
00002a9b   UARTClockSourceSet
00002849   UARTFlushRx
00002639   UARTFlushTx
000015bd   UARTStdioConfig
00000b39   UARTStdioIntHandler
0000290d   UARTprintf
00000799   UARTvprintf
0000166d   UARTwrite
20000b7c   _Errno
20000ae0   _FDenorm
20000af0   _FEps
20000b00   _FInf
20000b10   _FNan
20000b30   _FRteps
20000b20   _FSnan
20000b40   _FXbig
20000b44   _FZero
20000b70   _Fenv
000027e9   _Feraise
20000b74   _Tls_setup__Fenv
20000a2c   __STACK_END
00000400   __STACK_SIZE
20000a2c   __STACK_TOP
00002c28   __TI_CINIT_Base
00002c38   __TI_CINIT_Limit
00002c10   __TI_Handler_Table_Base
00002c1c   __TI_Handler_Table_Limit
00000001   __TI_args_main
00001849   __TI_auto_init
20000b68   __TI_cleanup_ptr
00002a21   __TI_decompress_none
00002aa1   __TI_decompress_rle24
20000b6c   __TI_dtors_ptr
00000000   __TI_static_base__
000029f3   __TI_zero_init
000022bd   __aeabi_d2f
0000098d   __aeabi_dadd
00000ddd   __aeabi_ddiv
0000125d   __aeabi_dmul
00000983   __aeabi_dsub
000026e5   __aeabi_f2d
00002185   __aeabi_f2ulz
00001715   __aeabi_memcpy
00001715   __aeabi_memcpy4
00001715   __aeabi_memcpy8
00002539   __aeabi_uidivmod
ffffffff   __binit__
ffffffff   __c_args__
2000062c   __stack
00002989   _args_main
00002399   _c_int00
20000b60   _lock
000029db   _nop
000029d3   _register_lock
000029cd   _register_unlock
20000b64   _unlock
000024f9   abort
ffffffff   binit
000024b1   copy_in
00002501   exit
00002785   feraiseexcept
00000000   g_pfnVectors
20000600   g_pui32Colors
20000400   g_sI2CInst
200005d4   g_sSHT21Inst
200005a4   g_sTMP006Inst
2000061c   g_vui8DataFlag
20000620   g_vui8ErrorFlag
0000026d   main
20000b80   main_func_sp
00001715   memcpy
00002819   raise
0000257d   signal
000028c9   sqrtf


GLOBAL SYMBOLS: SORTED BY Symbol Address 

address    name
--------   ----
00000000   __TI_static_base__
00000000   g_pfnVectors
00000001   __TI_args_main
0000026d   main
00000400   __STACK_SIZE
00000595   TMP006DataTemperatureGetFloat
00000799   UARTvprintf
00000983   __aeabi_dsub
0000098d   __aeabi_dadd
00000b39   UARTStdioIntHandler
00000c99   HumiditySht
00000ddd   __aeabi_ddiv
00000f13   GPIOPadConfigSet
00001045   SysCtlClockGet
0000115d   RGBInit
0000125d   __aeabi_dmul
00001359   I2CMIntHandler
0000144d   RGBEnable
0000150d   TMP006AppErrorHandler
000015bd   UARTStdioConfig
0000166d   UARTwrite
00001715   __aeabi_memcpy
00001715   __aeabi_memcpy4
00001715   __aeabi_memcpy8
00001715   memcpy
00001849   __TI_auto_init
000018dd   RGBColorSet
000019f9   SHT21DataHumidityGetFloat
00001a81   I2CMCommand
00001b05   RGBBlinkRateSet
00001b7d   I2CMReadModifyWrite16LE
00001c5d   RGBDisable
00001cc5   SHT21DataTemperatureGetFloat
00001d2d   ConfigureUART
00001d91   IntIsEnabled
00001df5   IntDisable
00001e55   IntEnable
00001eb5   TMP006ReadModifyWrite
0000202d   TMP006Init
00002089   I2CMWrite8
000020e1   TMP006DataRead
00002135   SHT21Init
00002185   __aeabi_f2ulz
00002225   SHT21DataRead
00002271   SHT21Write
000022bd   __aeabi_d2f
00002351   I2CMasterInitExpClk
00002399   _c_int00
0000246d   SHT21AppI2CWait
000024b1   copy_in
000024f5   C$$EXIT
000024f9   abort
00002501   exit
00002539   __aeabi_uidivmod
0000257d   signal
00002639   UARTFlushTx
000026ad   RGBBlinkIntHandler
000026e5   __aeabi_f2d
0000271d   I2CMInit
00002751   IntGPIOe
00002785   feraiseexcept
000027b9   I2CMTransferResume
000027e9   _Feraise
00002819   raise
00002849   UARTFlushRx
00002875   GPIODirModeSet
000028c9   sqrtf
0000290d   UARTprintf
00002959   TMP006AppCallback
00002971   TMP006DataTemperatureGetRaw
00002989   _args_main
000029b9   RGBIntensitySet
000029cd   _register_unlock
000029d3   _register_lock
000029db   _nop
000029e1   GPIOPinTypeI2CSCL
000029f3   __TI_zero_init
00002a05   GPIOIntStatus
00002a21   __TI_decompress_none
00002a2f   GPIOIntEnable
00002a3d   IntTrigger
00002a49   SHT21DataHumidityGetRaw
00002a55   SHT21DataTemperatureGetRaw
00002a61   TMP006I2CIntHandler
00002a6d   I2CMasterEnable
00002a77   I2CMasterIntClear
00002a7f   I2CMasterIntEnableEx
00002a87   I2CMasterSlaveAddrSet
00002a8f   GPIOIntClear
00002a95   ResetISR
00002a9b   UARTClockSourceSet
00002aa1   __TI_decompress_rle24
00002aa7   I2CMasterControl
00002aab   I2CMasterDataGet
00002aaf   I2CMasterDataPut
00002c10   __TI_Handler_Table_Base
00002c1c   __TI_Handler_Table_Limit
00002c28   __TI_CINIT_Base
00002c38   __TI_CINIT_Limit
20000400   g_sI2CInst
200005a4   g_sTMP006Inst
200005d4   g_sSHT21Inst
20000600   g_pui32Colors
2000061c   g_vui8DataFlag
20000620   g_vui8ErrorFlag
2000062c   __stack
20000a2c   __STACK_END
20000a2c   __STACK_TOP
20000ae0   _FDenorm
20000af0   _FEps
20000b00   _FInf
20000b10   _FNan
20000b20   _FSnan
20000b30   _FRteps
20000b40   _FXbig
20000b44   _FZero
20000b60   _lock
20000b64   _unlock
20000b68   __TI_cleanup_ptr
20000b6c   __TI_dtors_ptr
20000b70   _Fenv
20000b74   _Tls_setup__Fenv
20000b7c   _Errno
20000b80   main_func_sp
ffffffff   __binit__
ffffffff   __c_args__
ffffffff   binit
UNDEFED    SHT$$INIT_ARRAY$$Base
UNDEFED    SHT$$INIT_ARRAY$$Limit

[129 symbols]
