<?xml version="1.0"?>
<link_info>
   <banner>TI ARM Linker PC v5.1.5</banner>
   <copyright>Copyright (c) 1996-2014 Texas Instruments Incorporated</copyright>
   <link_time>0x547a2aa4</link_time>
   <link_errors>0x0</link_errors>
   <output_file>temperature_tmp006.out</output_file>
   <entry_point>
      <name>_c_int00</name>
      <address>0x2431</address>
   </entry_point>
   <input_file_list>
      <input_file id="fl-2">
         <path>.\drivers\</path>
         <kind>object</kind>
         <file>rgb.obj</file>
         <name>rgb.obj</name>
      </input_file>
      <input_file id="fl-3">
         <path>.\utils\</path>
         <kind>object</kind>
         <file>uartstdio.obj</file>
         <name>uartstdio.obj</name>
      </input_file>
      <input_file id="fl-4">
         <path>.\</path>
         <kind>object</kind>
         <file>temperature_tmp006.obj</file>
         <name>temperature_tmp006.obj</name>
      </input_file>
      <input_file id="fl-5">
         <path>.\</path>
         <kind>object</kind>
         <file>startup_ccs.obj</file>
         <name>startup_ccs.obj</name>
      </input_file>
      <input_file id="fl-134">
         <path>c:\ti\ccsv6\tools\compiler\arm_5.1.5\lib\</path>
         <kind>archive</kind>
         <file>rtsv7M4_T_le_v4SPD16_eabi.lib</file>
         <name>boot.obj</name>
      </input_file>
      <input_file id="fl-135">
         <path>c:\ti\ccsv6\tools\compiler\arm_5.1.5\lib\</path>
         <kind>archive</kind>
         <file>rtsv7M4_T_le_v4SPD16_eabi.lib</file>
         <name>copy_decompress_none.obj</name>
      </input_file>
      <input_file id="fl-136">
         <path>c:\ti\ccsv6\tools\compiler\arm_5.1.5\lib\</path>
         <kind>archive</kind>
         <file>rtsv7M4_T_le_v4SPD16_eabi.lib</file>
         <name>copy_decompress_rle.obj</name>
      </input_file>
      <input_file id="fl-137">
         <path>c:\ti\ccsv6\tools\compiler\arm_5.1.5\lib\</path>
         <kind>archive</kind>
         <file>rtsv7M4_T_le_v4SPD16_eabi.lib</file>
         <name>copy_zero_init.obj</name>
      </input_file>
      <input_file id="fl-138">
         <path>c:\ti\ccsv6\tools\compiler\arm_5.1.5\lib\</path>
         <kind>archive</kind>
         <file>rtsv7M4_T_le_v4SPD16_eabi.lib</file>
         <name>exit.obj</name>
      </input_file>
      <input_file id="fl-139">
         <path>c:\ti\ccsv6\tools\compiler\arm_5.1.5\lib\</path>
         <kind>archive</kind>
         <file>rtsv7M4_T_le_v4SPD16_eabi.lib</file>
         <name>fs_toull_t2.obj</name>
      </input_file>
      <input_file id="fl-13a">
         <path>c:\ti\ccsv6\tools\compiler\arm_5.1.5\lib\</path>
         <kind>archive</kind>
         <file>rtsv7M4_T_le_v4SPD16_eabi.lib</file>
         <name>memcpy_t2.obj</name>
      </input_file>
      <input_file id="fl-13b">
         <path>c:\ti\ccsv6\tools\compiler\arm_5.1.5\lib\</path>
         <kind>archive</kind>
         <file>rtsv7M4_T_le_v4SPD16_eabi.lib</file>
         <name>stkdepth_vars.obj</name>
      </input_file>
      <input_file id="fl-13c">
         <path>c:\ti\ccsv6\tools\compiler\arm_5.1.5\lib\</path>
         <kind>archive</kind>
         <file>rtsv7M4_T_le_v4SPD16_eabi.lib</file>
         <name>u_divt2.obj</name>
      </input_file>
      <input_file id="fl-13d">
         <path>c:\ti\ccsv6\tools\compiler\arm_5.1.5\lib\</path>
         <kind>archive</kind>
         <file>rtsv7M4_T_le_v4SPD16_eabi.lib</file>
         <name>_lock.obj</name>
      </input_file>
      <input_file id="fl-13e">
         <path>c:\ti\ccsv6\tools\compiler\arm_5.1.5\lib\</path>
         <kind>archive</kind>
         <file>rtsv7M4_T_le_v4SPD16_eabi.lib</file>
         <name>args_main.obj</name>
      </input_file>
      <input_file id="fl-13f">
         <path>c:\ti\ccsv6\tools\compiler\arm_5.1.5\lib\</path>
         <kind>archive</kind>
         <file>rtsv7M4_T_le_v4SPD16_eabi.lib</file>
         <name>auto_init.obj</name>
      </input_file>
      <input_file id="fl-140">
         <path>c:\ti\ccsv6\tools\compiler\arm_5.1.5\lib\</path>
         <kind>archive</kind>
         <file>rtsv7M4_T_le_v4SPD16_eabi.lib</file>
         <name>cpy_tbl.obj</name>
      </input_file>
      <input_file id="fl-141">
         <path>C:\ti\TivaWare_C_Series-2.1.0.12573\examples\boards\ek-tm4c123gxl-boostxl-senshub\temperature_tmp006\ccs\..\..\..\..\..\driverlib\ccs\Debug\</path>
         <kind>archive</kind>
         <file>driverlib.lib</file>
         <name>uart.obj</name>
      </input_file>
      <input_file id="fl-142">
         <path>C:\ti\TivaWare_C_Series-2.1.0.12573\examples\boards\ek-tm4c123gxl-boostxl-senshub\temperature_tmp006\ccs\..\..\..\..\..\driverlib\ccs\Debug\</path>
         <kind>archive</kind>
         <file>driverlib.lib</file>
         <name>sysctl.obj</name>
      </input_file>
      <input_file id="fl-143">
         <path>C:\ti\TivaWare_C_Series-2.1.0.12573\examples\boards\ek-tm4c123gxl-boostxl-senshub\temperature_tmp006\ccs\..\..\..\..\..\driverlib\ccs\Debug\</path>
         <kind>archive</kind>
         <file>driverlib.lib</file>
         <name>interrupt.obj</name>
      </input_file>
      <input_file id="fl-144">
         <path>C:\ti\TivaWare_C_Series-2.1.0.12573\examples\boards\ek-tm4c123gxl-boostxl-senshub\temperature_tmp006\ccs\..\..\..\..\..\driverlib\ccs\Debug\</path>
         <kind>archive</kind>
         <file>driverlib.lib</file>
         <name>gpio.obj</name>
      </input_file>
      <input_file id="fl-145">
         <path>C:\ti\TivaWare_C_Series-2.1.0.12573\examples\boards\ek-tm4c123gxl-boostxl-senshub\temperature_tmp006\ccs\..\..\..\..\..\driverlib\ccs\Debug\</path>
         <kind>archive</kind>
         <file>driverlib.lib</file>
         <name>cpu.obj</name>
      </input_file>
      <input_file id="fl-146">
         <path>C:\ti\TivaWare_C_Series-2.1.0.12573\examples\boards\ek-tm4c123gxl-boostxl-senshub\temperature_tmp006\ccs\..\..\..\..\..\sensorlib\ccs\Debug\</path>
         <kind>archive</kind>
         <file>sensorlib.lib</file>
         <name>tmp006.obj</name>
      </input_file>
      <input_file id="fl-147">
         <path>C:\ti\TivaWare_C_Series-2.1.0.12573\examples\boards\ek-tm4c123gxl-boostxl-senshub\temperature_tmp006\ccs\..\..\..\..\..\sensorlib\ccs\Debug\</path>
         <kind>archive</kind>
         <file>sensorlib.lib</file>
         <name>sht21.obj</name>
      </input_file>
      <input_file id="fl-148">
         <path>C:\ti\TivaWare_C_Series-2.1.0.12573\examples\boards\ek-tm4c123gxl-boostxl-senshub\temperature_tmp006\ccs\..\..\..\..\..\sensorlib\ccs\Debug\</path>
         <kind>archive</kind>
         <file>sensorlib.lib</file>
         <name>i2cm_drv.obj</name>
      </input_file>
      <input_file id="fl-149">
         <path>c:\ti\ccsv6\tools\compiler\arm_5.1.5\lib\</path>
         <kind>archive</kind>
         <file>rtsv7M4_T_le_v4SPD16_eabi.lib</file>
         <name>fd_add_t2.obj</name>
      </input_file>
      <input_file id="fl-14a">
         <path>c:\ti\ccsv6\tools\compiler\arm_5.1.5\lib\</path>
         <kind>archive</kind>
         <file>rtsv7M4_T_le_v4SPD16_eabi.lib</file>
         <name>fd_div_t2.obj</name>
      </input_file>
      <input_file id="fl-14b">
         <path>c:\ti\ccsv6\tools\compiler\arm_5.1.5\lib\</path>
         <kind>archive</kind>
         <file>rtsv7M4_T_le_v4SPD16_eabi.lib</file>
         <name>fd_mul_t2.obj</name>
      </input_file>
      <input_file id="fl-14c">
         <path>c:\ti\ccsv6\tools\compiler\arm_5.1.5\lib\</path>
         <kind>archive</kind>
         <file>rtsv7M4_T_le_v4SPD16_eabi.lib</file>
         <name>fd_tos_t2.obj</name>
      </input_file>
      <input_file id="fl-14d">
         <path>c:\ti\ccsv6\tools\compiler\arm_5.1.5\lib\</path>
         <kind>archive</kind>
         <file>rtsv7M4_T_le_v4SPD16_eabi.lib</file>
         <name>fs_tod_t2.obj</name>
      </input_file>
      <input_file id="fl-14e">
         <path>c:\ti\ccsv6\tools\compiler\arm_5.1.5\lib\</path>
         <kind>archive</kind>
         <file>rtsv7M4_T_le_v4SPD16_eabi.lib</file>
         <name>sqrtf.obj</name>
      </input_file>
      <input_file id="fl-14f">
         <path>c:\ti\ccsv6\tools\compiler\arm_5.1.5\lib\</path>
         <kind>archive</kind>
         <file>rtsv7M4_T_le_v4SPD16_eabi.lib</file>
         <name>xferaise.obj</name>
      </input_file>
      <input_file id="fl-150">
         <path>c:\ti\ccsv6\tools\compiler\arm_5.1.5\lib\</path>
         <kind>archive</kind>
         <file>rtsv7M4_T_le_v4SPD16_eabi.lib</file>
         <name>xfvalues.obj</name>
      </input_file>
      <input_file id="fl-151">
         <path>c:\ti\ccsv6\tools\compiler\arm_5.1.5\lib\</path>
         <kind>archive</kind>
         <file>rtsv7M4_T_le_v4SPD16_eabi.lib</file>
         <name>errno.obj</name>
      </input_file>
      <input_file id="fl-152">
         <path>c:\ti\ccsv6\tools\compiler\arm_5.1.5\lib\</path>
         <kind>archive</kind>
         <file>rtsv7M4_T_le_v4SPD16_eabi.lib</file>
         <name>feraiseexcept.obj</name>
      </input_file>
      <input_file id="fl-153">
         <path>c:\ti\ccsv6\tools\compiler\arm_5.1.5\lib\</path>
         <kind>archive</kind>
         <file>rtsv7M4_T_le_v4SPD16_eabi.lib</file>
         <name>raise.obj</name>
      </input_file>
      <input_file id="fl-154">
         <path>c:\ti\ccsv6\tools\compiler\arm_5.1.5\lib\</path>
         <kind>archive</kind>
         <file>rtsv7M4_T_le_v4SPD16_eabi.lib</file>
         <name>signal.obj</name>
      </input_file>
      <input_file id="fl-155">
         <path>C:\ti\TivaWare_C_Series-2.1.0.12573\examples\boards\ek-tm4c123gxl-boostxl-senshub\temperature_tmp006\ccs\..\..\..\..\..\driverlib\ccs\Debug\</path>
         <kind>archive</kind>
         <file>driverlib.lib</file>
         <name>i2c.obj</name>
      </input_file>
   </input_file_list>
   <object_component_list>
      <object_component id="oc-e">
         <name>.intvecs</name>
         <load_address>0x0</load_address>
         <run_address>0x0</run_address>
         <size>0x26c</size>
         <input_file_ref idref="fl-5"/>
      </object_component>
      <object_component id="oc-df">
         <name>.text:main</name>
         <load_address>0x26c</load_address>
         <run_address>0x26c</run_address>
         <size>0x358</size>
         <input_file_ref idref="fl-4"/>
      </object_component>
      <object_component id="oc-1cc">
         <name>.text:TMP006DataTemperatureGetFloat</name>
         <load_address>0x5c4</load_address>
         <run_address>0x5c4</run_address>
         <size>0x204</size>
         <input_file_ref idref="fl-146"/>
      </object_component>
      <object_component id="oc-25f">
         <name>.text:UARTvprintf</name>
         <load_address>0x7c8</load_address>
         <run_address>0x7c8</run_address>
         <size>0x1ea</size>
         <input_file_ref idref="fl-3"/>
      </object_component>
      <object_component id="oc-2af">
         <name>.text</name>
         <load_address>0x9b2</load_address>
         <run_address>0x9b2</run_address>
         <size>0x1b6</size>
         <input_file_ref idref="fl-149"/>
      </object_component>
      <object_component id="oc-1d1">
         <name>.text:HumiditySht</name>
         <load_address>0xb68</load_address>
         <run_address>0xb68</run_address>
         <size>0x1ac</size>
         <input_file_ref idref="fl-4"/>
      </object_component>
      <object_component id="oc-3d">
         <name>.text:UARTStdioIntHandler</name>
         <load_address>0xd14</load_address>
         <run_address>0xd14</run_address>
         <size>0x160</size>
         <input_file_ref idref="fl-3"/>
      </object_component>
      <object_component id="oc-33c">
         <name>.text</name>
         <load_address>0xe74</load_address>
         <run_address>0xe74</run_address>
         <size>0x136</size>
         <input_file_ref idref="fl-14a"/>
      </object_component>
      <object_component id="oc-277">
         <name>.text:GPIOPadConfigSet</name>
         <load_address>0xfaa</load_address>
         <run_address>0xfaa</run_address>
         <size>0x130</size>
         <input_file_ref idref="fl-144"/>
      </object_component>
      <object_component id="oc-2e">
         <name>.text:FaultISR</name>
         <load_address>0x10da</load_address>
         <run_address>0x10da</run_address>
         <size>0x2</size>
         <input_file_ref idref="fl-5"/>
      </object_component>
      <object_component id="oc-1a9">
         <name>.text:SysCtlClockGet</name>
         <load_address>0x10dc</load_address>
         <run_address>0x10dc</run_address>
         <size>0x118</size>
         <input_file_ref idref="fl-142"/>
      </object_component>
      <object_component id="oc-190">
         <name>.text:RGBInit</name>
         <load_address>0x11f4</load_address>
         <run_address>0x11f4</run_address>
         <size>0x100</size>
         <input_file_ref idref="fl-2"/>
      </object_component>
      <object_component id="oc-2ab">
         <name>.text</name>
         <load_address>0x12f4</load_address>
         <run_address>0x12f4</run_address>
         <size>0xfc</size>
         <input_file_ref idref="fl-14b"/>
      </object_component>
      <object_component id="oc-be">
         <name>.text:I2CMIntHandler</name>
         <load_address>0x13f0</load_address>
         <run_address>0x13f0</run_address>
         <size>0xf2</size>
         <input_file_ref idref="fl-148"/>
      </object_component>
      <object_component id="oc-33">
         <name>.text:IntDefaultHandler</name>
         <load_address>0x14e2</load_address>
         <run_address>0x14e2</run_address>
         <size>0x2</size>
         <input_file_ref idref="fl-5"/>
      </object_component>
      <object_component id="oc-cb">
         <name>.text:RGBEnable</name>
         <load_address>0x14e4</load_address>
         <run_address>0x14e4</run_address>
         <size>0xc0</size>
         <input_file_ref idref="fl-2"/>
      </object_component>
      <object_component id="oc-1d6">
         <name>.text:TMP006AppErrorHandler</name>
         <load_address>0x15a4</load_address>
         <run_address>0x15a4</run_address>
         <size>0xb0</size>
         <input_file_ref idref="fl-4"/>
      </object_component>
      <object_component id="oc-259">
         <name>.text:UARTStdioConfig</name>
         <load_address>0x1654</load_address>
         <run_address>0x1654</run_address>
         <size>0xb0</size>
         <input_file_ref idref="fl-3"/>
      </object_component>
      <object_component id="oc-a8">
         <name>.text:UARTwrite</name>
         <load_address>0x1704</load_address>
         <run_address>0x1704</run_address>
         <size>0xa8</size>
         <input_file_ref idref="fl-3"/>
      </object_component>
      <object_component id="oc-60">
         <name>.text</name>
         <load_address>0x17ac</load_address>
         <run_address>0x17ac</run_address>
         <size>0x9c</size>
         <input_file_ref idref="fl-13a"/>
      </object_component>
      <object_component id="oc-174">
         <name>.text:I2CMStateIdle</name>
         <load_address>0x1848</load_address>
         <run_address>0x1848</run_address>
         <size>0x98</size>
         <input_file_ref idref="fl-148"/>
      </object_component>
      <object_component id="oc-4f">
         <name>.text</name>
         <load_address>0x18e0</load_address>
         <run_address>0x18e0</run_address>
         <size>0x94</size>
         <input_file_ref idref="fl-13f"/>
      </object_component>
      <object_component id="oc-195">
         <name>.text:RGBColorSet</name>
         <load_address>0x1974</load_address>
         <run_address>0x1974</run_address>
         <size>0x90</size>
         <input_file_ref idref="fl-2"/>
      </object_component>
      <object_component id="oc-9e">
         <name>.text:UARTPrimeTransmit</name>
         <load_address>0x1a04</load_address>
         <run_address>0x1a04</run_address>
         <size>0x8c</size>
         <input_file_ref idref="fl-3"/>
      </object_component>
      <object_component id="oc-2c7">
         <name>.text:SHT21DataHumidityGetFloat</name>
         <load_address>0x1a90</load_address>
         <run_address>0x1a90</run_address>
         <size>0x88</size>
         <input_file_ref idref="fl-147"/>
      </object_component>
      <object_component id="oc-10d">
         <name>.text:I2CMCommand</name>
         <load_address>0x1b18</load_address>
         <run_address>0x1b18</run_address>
         <size>0x84</size>
         <input_file_ref idref="fl-148"/>
      </object_component>
      <object_component id="oc-1c7">
         <name>.text:RGBBlinkRateSet</name>
         <load_address>0x1b9c</load_address>
         <run_address>0x1b9c</run_address>
         <size>0x78</size>
         <input_file_ref idref="fl-2"/>
      </object_component>
      <object_component id="oc-297">
         <name>.text:I2CMReadModifyWrite16LE</name>
         <load_address>0x1c14</load_address>
         <run_address>0x1c14</run_address>
         <size>0x74</size>
         <input_file_ref idref="fl-148"/>
      </object_component>
      <object_component id="oc-31b">
         <name>.text:I2CMReadModifyWrite16LECallback</name>
         <load_address>0x1c88</load_address>
         <run_address>0x1c88</run_address>
         <size>0x6c</size>
         <input_file_ref idref="fl-148"/>
      </object_component>
      <object_component id="oc-c6">
         <name>.text:RGBDisable</name>
         <load_address>0x1cf4</load_address>
         <run_address>0x1cf4</run_address>
         <size>0x68</size>
         <input_file_ref idref="fl-2"/>
      </object_component>
      <object_component id="oc-2cc">
         <name>.text:SHT21DataTemperatureGetFloat</name>
         <load_address>0x1d5c</load_address>
         <run_address>0x1d5c</run_address>
         <size>0x68</size>
         <input_file_ref idref="fl-147"/>
      </object_component>
      <object_component id="oc-186">
         <name>.text:ConfigureUART</name>
         <load_address>0x1dc4</load_address>
         <run_address>0x1dc4</run_address>
         <size>0x64</size>
         <input_file_ref idref="fl-4"/>
      </object_component>
      <object_component id="oc-1f6">
         <name>.text:IntIsEnabled</name>
         <load_address>0x1e28</load_address>
         <run_address>0x1e28</run_address>
         <size>0x64</size>
         <input_file_ref idref="fl-143"/>
      </object_component>
      <object_component id="oc-1fb">
         <name>.text:IntDisable</name>
         <load_address>0x1e8c</load_address>
         <run_address>0x1e8c</run_address>
         <size>0x60</size>
         <input_file_ref idref="fl-143"/>
      </object_component>
      <object_component id="oc-205">
         <name>.text:IntEnable</name>
         <load_address>0x1eec</load_address>
         <run_address>0x1eec</run_address>
         <size>0x60</size>
         <input_file_ref idref="fl-143"/>
      </object_component>
      <object_component id="oc-1c2">
         <name>.text:TMP006ReadModifyWrite</name>
         <load_address>0x1f4c</load_address>
         <run_address>0x1f4c</run_address>
         <size>0x60</size>
         <input_file_ref idref="fl-146"/>
      </object_component>
      <object_component id="oc-165">
         <name>.text:I2CMStateWritePause</name>
         <load_address>0x1fac</load_address>
         <run_address>0x1fac</run_address>
         <size>0x5e</size>
         <input_file_ref idref="fl-148"/>
      </object_component>
      <object_component id="oc-72">
         <name>.text</name>
         <load_address>0x200a</load_address>
         <run_address>0x200a</run_address>
         <size>0x5e</size>
         <input_file_ref idref="fl-136"/>
      </object_component>
      <object_component id="oc-112">
         <name>.text:TMP006Callback</name>
         <load_address>0x2068</load_address>
         <run_address>0x2068</run_address>
         <size>0x5c</size>
         <input_file_ref idref="fl-146"/>
      </object_component>
      <object_component id="oc-1b3">
         <name>.text:TMP006Init</name>
         <load_address>0x20c4</load_address>
         <run_address>0x20c4</run_address>
         <size>0x5c</size>
         <input_file_ref idref="fl-146"/>
      </object_component>
      <object_component id="oc-330">
         <name>.text:I2CMWrite8</name>
         <load_address>0x2120</load_address>
         <run_address>0x2120</run_address>
         <size>0x58</size>
         <input_file_ref idref="fl-148"/>
      </object_component>
      <object_component id="oc-8c">
         <name>.text:TMP006DataRead</name>
         <load_address>0x2178</load_address>
         <run_address>0x2178</run_address>
         <size>0x54</size>
         <input_file_ref idref="fl-146"/>
      </object_component>
      <object_component id="oc-1b8">
         <name>.text:SHT21Init</name>
         <load_address>0x21cc</load_address>
         <run_address>0x21cc</run_address>
         <size>0x50</size>
         <input_file_ref idref="fl-147"/>
      </object_component>
      <object_component id="oc-29d">
         <name>.text</name>
         <load_address>0x221c</load_address>
         <run_address>0x221c</run_address>
         <size>0x50</size>
         <input_file_ref idref="fl-139"/>
      </object_component>
      <object_component id="oc-16a">
         <name>.text:I2CMStateWriteFinal</name>
         <load_address>0x226c</load_address>
         <run_address>0x226c</run_address>
         <size>0x4e</size>
         <input_file_ref idref="fl-148"/>
      </object_component>
      <object_component id="oc-29">
         <name>.text:NmiSR</name>
         <load_address>0x22ba</load_address>
         <run_address>0x22ba</run_address>
         <size>0x2</size>
         <input_file_ref idref="fl-5"/>
      </object_component>
      <object_component id="oc-2c2">
         <name>.text:SHT21DataRead</name>
         <load_address>0x22bc</load_address>
         <run_address>0x22bc</run_address>
         <size>0x4c</size>
         <input_file_ref idref="fl-147"/>
      </object_component>
      <object_component id="oc-2bd">
         <name>.text:SHT21Write</name>
         <load_address>0x2308</load_address>
         <run_address>0x2308</run_address>
         <size>0x4c</size>
         <input_file_ref idref="fl-147"/>
      </object_component>
      <object_component id="oc-2b3">
         <name>.text</name>
         <load_address>0x2354</load_address>
         <run_address>0x2354</run_address>
         <size>0x4a</size>
         <input_file_ref idref="fl-14c"/>
      </object_component>
      <object_component id="oc-156">
         <name>.text:I2CMStateReadNext</name>
         <load_address>0x239e</load_address>
         <run_address>0x239e</run_address>
         <size>0x48</size>
         <input_file_ref idref="fl-148"/>
      </object_component>
      <object_component id="oc-281">
         <name>.text:I2CMasterInitExpClk</name>
         <load_address>0x23e8</load_address>
         <run_address>0x23e8</run_address>
         <size>0x48</size>
         <input_file_ref idref="fl-155"/>
      </object_component>
      <object_component id="oc-10">
         <name>.text</name>
         <load_address>0x2430</load_address>
         <run_address>0x2430</run_address>
         <size>0x48</size>
         <input_file_ref idref="fl-134"/>
      </object_component>
      <object_component id="oc-16f">
         <name>.text:I2CMStateWriteNext</name>
         <load_address>0x2478</load_address>
         <run_address>0x2478</run_address>
         <size>0x46</size>
         <input_file_ref idref="fl-148"/>
      </object_component>
      <object_component id="oc-142">
         <name>.text:I2CMStateCallback</name>
         <load_address>0x24be</load_address>
         <run_address>0x24be</run_address>
         <size>0x44</size>
         <input_file_ref idref="fl-148"/>
      </object_component>
      <object_component id="oc-1bd">
         <name>.text:SHT21AppI2CWait</name>
         <load_address>0x2504</load_address>
         <run_address>0x2504</run_address>
         <size>0x44</size>
         <input_file_ref idref="fl-4"/>
      </object_component>
      <object_component id="oc-d9">
         <name>.text</name>
         <load_address>0x2548</load_address>
         <run_address>0x2548</run_address>
         <size>0x44</size>
         <input_file_ref idref="fl-140"/>
      </object_component>
      <object_component id="oc-58">
         <name>.text</name>
         <load_address>0x258c</load_address>
         <run_address>0x258c</run_address>
         <size>0x44</size>
         <input_file_ref idref="fl-138"/>
      </object_component>
      <object_component id="oc-2f4">
         <name>.text</name>
         <load_address>0x25d0</load_address>
         <run_address>0x25d0</run_address>
         <size>0x42</size>
         <input_file_ref idref="fl-13c"/>
      </object_component>
      <object_component id="oc-383">
         <name>.text</name>
         <load_address>0x2614</load_address>
         <run_address>0x2614</run_address>
         <size>0x40</size>
         <input_file_ref idref="fl-154"/>
      </object_component>
      <object_component id="oc-151">
         <name>.text:I2CMStateReadFinal</name>
         <load_address>0x2654</load_address>
         <run_address>0x2654</run_address>
         <size>0x3e</size>
         <input_file_ref idref="fl-148"/>
      </object_component>
      <object_component id="oc-14c">
         <name>.text:I2CMStateReadPause</name>
         <load_address>0x2692</load_address>
         <run_address>0x2692</run_address>
         <size>0x3e</size>
         <input_file_ref idref="fl-148"/>
      </object_component>
      <object_component id="oc-2ed">
         <name>.text:UARTFlushTx</name>
         <load_address>0x26d0</load_address>
         <run_address>0x26d0</run_address>
         <size>0x3c</size>
         <input_file_ref idref="fl-3"/>
      </object_component>
      <object_component id="oc-36a">
         <name>.text:I2CMWrite8Callback</name>
         <load_address>0x270c</load_address>
         <run_address>0x270c</run_address>
         <size>0x38</size>
         <input_file_ref idref="fl-148"/>
      </object_component>
      <object_component id="oc-47">
         <name>.text:RGBBlinkIntHandler</name>
         <load_address>0x2744</load_address>
         <run_address>0x2744</run_address>
         <size>0x38</size>
         <input_file_ref idref="fl-2"/>
      </object_component>
      <object_component id="oc-2a7">
         <name>.text</name>
         <load_address>0x277c</load_address>
         <run_address>0x277c</run_address>
         <size>0x38</size>
         <input_file_ref idref="fl-14d"/>
      </object_component>
      <object_component id="oc-1ae">
         <name>.text:I2CMInit</name>
         <load_address>0x27b4</load_address>
         <run_address>0x27b4</run_address>
         <size>0x34</size>
         <input_file_ref idref="fl-148"/>
      </object_component>
      <object_component id="oc-38">
         <name>.text:IntGPIOe</name>
         <load_address>0x27e8</load_address>
         <run_address>0x27e8</run_address>
         <size>0x34</size>
         <input_file_ref idref="fl-4"/>
      </object_component>
      <object_component id="oc-359">
         <name>.text</name>
         <load_address>0x281c</load_address>
         <run_address>0x281c</run_address>
         <size>0x34</size>
         <input_file_ref idref="fl-152"/>
      </object_component>
      <object_component id="oc-37d">
         <name>.text:I2CMTransferResume</name>
         <load_address>0x2850</load_address>
         <run_address>0x2850</run_address>
         <size>0x30</size>
         <input_file_ref idref="fl-148"/>
      </object_component>
      <object_component id="oc-327">
         <name>.text</name>
         <load_address>0x2880</load_address>
         <run_address>0x2880</run_address>
         <size>0x30</size>
         <input_file_ref idref="fl-14f"/>
      </object_component>
      <object_component id="oc-373">
         <name>.text</name>
         <load_address>0x28b0</load_address>
         <run_address>0x28b0</run_address>
         <size>0x2e</size>
         <input_file_ref idref="fl-153"/>
      </object_component>
      <object_component id="oc-2e8">
         <name>.text:UARTFlushRx</name>
         <load_address>0x28e0</load_address>
         <run_address>0x28e0</run_address>
         <size>0x2c</size>
         <input_file_ref idref="fl-3"/>
      </object_component>
      <object_component id="oc-272">
         <name>.text:GPIODirModeSet</name>
         <load_address>0x290c</load_address>
         <run_address>0x290c</run_address>
         <size>0x2a</size>
         <input_file_ref idref="fl-144"/>
      </object_component>
      <object_component id="oc-15b">
         <name>.text:I2CMStateReadFirst</name>
         <load_address>0x2936</load_address>
         <run_address>0x2936</run_address>
         <size>0x2a</size>
         <input_file_ref idref="fl-148"/>
      </object_component>
      <object_component id="oc-2b7">
         <name>.text</name>
         <load_address>0x2960</load_address>
         <run_address>0x2960</run_address>
         <size>0x24</size>
         <input_file_ref idref="fl-14e"/>
      </object_component>
      <object_component id="oc-160">
         <name>.text:I2CMStateReadOne</name>
         <load_address>0x2984</load_address>
         <run_address>0x2984</run_address>
         <size>0x20</size>
         <input_file_ref idref="fl-148"/>
      </object_component>
      <object_component id="oc-18b">
         <name>.text:UARTprintf</name>
         <load_address>0x29a4</load_address>
         <run_address>0x29a4</run_address>
         <size>0x1a</size>
         <input_file_ref idref="fl-3"/>
      </object_component>
      <object_component id="oc-147">
         <name>.text:I2CMStateReadWait</name>
         <load_address>0x29be</load_address>
         <run_address>0x29be</run_address>
         <size>0x18</size>
         <input_file_ref idref="fl-148"/>
      </object_component>
      <object_component id="oc-ad">
         <name>.text:IsBufferFull</name>
         <load_address>0x29d6</load_address>
         <run_address>0x29d6</run_address>
         <size>0x18</size>
         <input_file_ref idref="fl-3"/>
      </object_component>
      <object_component id="oc-93">
         <name>.text:TMP006AppCallback</name>
         <load_address>0x29f0</load_address>
         <run_address>0x29f0</run_address>
         <size>0x18</size>
         <input_file_ref idref="fl-4"/>
      </object_component>
      <object_component id="oc-2a2">
         <name>.text:TMP006DataTemperatureGetRaw</name>
         <load_address>0x2a08</load_address>
         <run_address>0x2a08</run_address>
         <size>0x18</size>
         <input_file_ref idref="fl-146"/>
      </object_component>
      <object_component id="oc-53">
         <name>.text</name>
         <load_address>0x2a20</load_address>
         <run_address>0x2a20</run_address>
         <size>0x18</size>
         <input_file_ref idref="fl-13e"/>
      </object_component>
      <object_component id="oc-28d">
         <name>.text:SHT21Callback</name>
         <load_address>0x2a38</load_address>
         <run_address>0x2a38</run_address>
         <size>0x16</size>
         <input_file_ref idref="fl-147"/>
      </object_component>
      <object_component id="oc-19a">
         <name>.text:RGBIntensitySet</name>
         <load_address>0x2a50</load_address>
         <run_address>0x2a50</run_address>
         <size>0x14</size>
         <input_file_ref idref="fl-2"/>
      </object_component>
      <object_component id="oc-1e8">
         <name>.text</name>
         <load_address>0x2a64</load_address>
         <run_address>0x2a64</run_address>
         <size>0x14</size>
         <input_file_ref idref="fl-13d"/>
      </object_component>
      <object_component id="oc-19f">
         <name>.text:GPIOPinTypeI2CSCL</name>
         <load_address>0x2a78</load_address>
         <run_address>0x2a78</run_address>
         <size>0x12</size>
         <input_file_ref idref="fl-144"/>
      </object_component>
      <object_component id="oc-19">
         <name>.text:decompress:ZI</name>
         <load_address>0x2a8a</load_address>
         <run_address>0x2a8a</run_address>
         <size>0x12</size>
         <input_file_ref idref="fl-137"/>
      </object_component>
      <object_component id="oc-82">
         <name>.text:GPIOIntStatus</name>
         <load_address>0x2a9c</load_address>
         <run_address>0x2a9c</run_address>
         <size>0xe</size>
         <input_file_ref idref="fl-144"/>
      </object_component>
      <object_component id="oc-a3">
         <name>.text:IsBufferEmpty</name>
         <load_address>0x2aaa</load_address>
         <run_address>0x2aaa</run_address>
         <size>0xe</size>
         <input_file_ref idref="fl-3"/>
      </object_component>
      <object_component id="oc-14">
         <name>.text:decompress:none</name>
         <load_address>0x2ab8</load_address>
         <run_address>0x2ab8</run_address>
         <size>0xe</size>
         <input_file_ref idref="fl-135"/>
      </object_component>
      <object_component id="oc-1a4">
         <name>.text:GPIOIntEnable</name>
         <load_address>0x2ac6</load_address>
         <run_address>0x2ac6</run_address>
         <size>0xc</size>
         <input_file_ref idref="fl-144"/>
      </object_component>
      <object_component id="oc-200">
         <name>.text:IntTrigger</name>
         <load_address>0x2ad4</load_address>
         <run_address>0x2ad4</run_address>
         <size>0xc</size>
         <input_file_ref idref="fl-143"/>
      </object_component>
      <object_component id="oc-337">
         <name>.text:SHT21DataHumidityGetRaw</name>
         <load_address>0x2ae0</load_address>
         <run_address>0x2ae0</run_address>
         <size>0xc</size>
         <input_file_ref idref="fl-147"/>
      </object_component>
      <object_component id="oc-341">
         <name>.text:SHT21DataTemperatureGetRaw</name>
         <load_address>0x2aec</load_address>
         <run_address>0x2aec</run_address>
         <size>0xc</size>
         <input_file_ref idref="fl-147"/>
      </object_component>
      <object_component id="oc-42">
         <name>.text:TMP006I2CIntHandler</name>
         <load_address>0x2af8</load_address>
         <run_address>0x2af8</run_address>
         <size>0xc</size>
         <input_file_ref idref="fl-4"/>
      </object_component>
      <object_component id="oc-302">
         <name>.text:I2CMasterEnable</name>
         <load_address>0x2b04</load_address>
         <run_address>0x2b04</run_address>
         <size>0xa</size>
         <input_file_ref idref="fl-155"/>
      </object_component>
      <object_component id="oc-138">
         <name>.text:I2CMasterIntClear</name>
         <load_address>0x2b0e</load_address>
         <run_address>0x2b0e</run_address>
         <size>0x8</size>
         <input_file_ref idref="fl-155"/>
      </object_component>
      <object_component id="oc-286">
         <name>.text:I2CMasterIntEnableEx</name>
         <load_address>0x2b16</load_address>
         <run_address>0x2b16</run_address>
         <size>0x8</size>
         <input_file_ref idref="fl-155"/>
      </object_component>
      <object_component id="oc-236">
         <name>.text:I2CMasterSlaveAddrSet</name>
         <load_address>0x2b1e</load_address>
         <run_address>0x2b1e</run_address>
         <size>0x8</size>
         <input_file_ref idref="fl-155"/>
      </object_component>
      <object_component id="oc-87">
         <name>.text:GPIOIntClear</name>
         <load_address>0x2b26</load_address>
         <run_address>0x2b26</run_address>
         <size>0x6</size>
         <input_file_ref idref="fl-144"/>
      </object_component>
      <object_component id="oc-24">
         <name>.text:ResetISR</name>
         <load_address>0x2b2c</load_address>
         <run_address>0x2b2c</run_address>
         <size>0x6</size>
         <input_file_ref idref="fl-5"/>
      </object_component>
      <object_component id="oc-254">
         <name>.text:UARTClockSourceSet</name>
         <load_address>0x2b32</load_address>
         <run_address>0x2b32</run_address>
         <size>0x6</size>
         <input_file_ref idref="fl-141"/>
      </object_component>
      <object_component id="oc-1e">
         <name>.text:decompress:rle24</name>
         <load_address>0x2b38</load_address>
         <run_address>0x2b38</run_address>
         <size>0x6</size>
         <input_file_ref idref="fl-136"/>
      </object_component>
      <object_component id="oc-13d">
         <name>.text:I2CMasterControl</name>
         <load_address>0x2b3e</load_address>
         <run_address>0x2b3e</run_address>
         <size>0x4</size>
         <input_file_ref idref="fl-155"/>
      </object_component>
      <object_component id="oc-22d">
         <name>.text:I2CMasterDataGet</name>
         <load_address>0x2b42</load_address>
         <run_address>0x2b42</run_address>
         <size>0x4</size>
         <input_file_ref idref="fl-155"/>
      </object_component>
      <object_component id="oc-23d">
         <name>.text:I2CMasterDataPut</name>
         <load_address>0x2b46</load_address>
         <run_address>0x2b46</run_address>
         <size>0x4</size>
         <input_file_ref idref="fl-155"/>
      </object_component>
      <object_component id="oc-2da">
         <name>.const</name>
         <load_address>0x2b4c</load_address>
         <run_address>0x2b4c</run_address>
         <size>0x70</size>
         <input_file_ref idref="fl-143"/>
      </object_component>
      <object_component id="oc-27e">
         <name>.const:g_pui32Xtals</name>
         <load_address>0x2bbc</load_address>
         <run_address>0x2bbc</run_address>
         <size>0x6c</size>
         <input_file_ref idref="fl-142"/>
      </object_component>
      <object_component id="oc-12a">
         <name>.const</name>
         <load_address>0x2c28</load_address>
         <run_address>0x2c28</run_address>
         <size>0x28</size>
         <input_file_ref idref="fl-3"/>
      </object_component>
      <object_component id="oc-224">
         <name>.const:.string</name>
         <load_address>0x2c50</load_address>
         <run_address>0x2c50</run_address>
         <size>0x12</size>
         <input_file_ref idref="fl-3"/>
      </object_component>
      <object_component id="oc-3c0">
         <name>.cinit..data.load</name>
         <load_address>0x2c68</load_address>
         <run_address>0x2c68</run_address>
         <size>0x3f</size>
      </object_component>
      <object_component id="oc-3be">
         <name>__TI_handler_table</name>
         <load_address>0x2ca8</load_address>
         <run_address>0x2ca8</run_address>
         <size>0xc</size>
      </object_component>
      <object_component id="oc-3c1">
         <name>.cinit..bss.load</name>
         <load_address>0x2cb8</load_address>
         <run_address>0x2cb8</run_address>
         <size>0x8</size>
      </object_component>
      <object_component id="oc-3bf">
         <name>__TI_cinit_table</name>
         <load_address>0x2cc0</load_address>
         <run_address>0x2cc0</run_address>
         <size>0x10</size>
      </object_component>
      <object_component id="oc-5d">
         <name>.data</name>
         <load_address>0x20000b80</load_address>
         <run_address>0x20000b80</run_address>
         <size>0x4</size>
         <input_file_ref idref="fl-13b"/>
      </object_component>
      <object_component id="oc-b2">
         <name>.data</name>
         <load_address>0x20000b48</load_address>
         <run_address>0x20000b48</run_address>
         <size>0x15</size>
         <input_file_ref idref="fl-3"/>
      </object_component>
      <object_component id="oc-e6">
         <name>.data</name>
         <load_address>0x20000b60</load_address>
         <run_address>0x20000b60</run_address>
         <size>0x8</size>
         <input_file_ref idref="fl-13d"/>
      </object_component>
      <object_component id="oc-e8">
         <name>.data</name>
         <load_address>0x20000b68</load_address>
         <run_address>0x20000b68</run_address>
         <size>0x8</size>
         <input_file_ref idref="fl-138"/>
      </object_component>
      <object_component id="oc-26c">
         <name>.data</name>
         <load_address>0x20000b78</load_address>
         <run_address>0x20000b78</run_address>
         <size>0x4</size>
         <input_file_ref idref="fl-2"/>
      </object_component>
      <object_component id="oc-32c">
         <name>.data</name>
         <load_address>0x20000ae0</load_address>
         <run_address>0x20000ae0</run_address>
         <size>0x68</size>
         <input_file_ref idref="fl-150"/>
      </object_component>
      <object_component id="oc-35e">
         <name>.data</name>
         <load_address>0x20000b7c</load_address>
         <run_address>0x20000b7c</run_address>
         <size>0x4</size>
         <input_file_ref idref="fl-151"/>
      </object_component>
      <object_component id="oc-378">
         <name>.data</name>
         <load_address>0x20000b70</load_address>
         <run_address>0x20000b70</run_address>
         <size>0x8</size>
         <input_file_ref idref="fl-152"/>
      </object_component>
      <object_component id="oc-393">
         <name>.data:sigtable</name>
         <load_address>0x20000a30</load_address>
         <run_address>0x20000a30</run_address>
         <size>0xb0</size>
         <input_file_ref idref="fl-154"/>
      </object_component>
      <object_component id="oc-91">
         <name>.bss:g_sTMP006Inst</name>
         <uninitialized>true</uninitialized>
         <run_address>0x200005a4</run_address>
         <size>0x30</size>
         <input_file_ref idref="fl-4"/>
      </object_component>
      <object_component id="oc-b6">
         <name>.bss:g_pcUARTRxBuffer</name>
         <uninitialized>true</uninitialized>
         <run_address>0x20000524</run_address>
         <size>0x80</size>
         <input_file_ref idref="fl-3"/>
      </object_component>
      <object_component id="oc-c3">
         <name>.bss:g_sI2CInst</name>
         <uninitialized>true</uninitialized>
         <run_address>0x20000400</run_address>
         <size>0x124</size>
         <input_file_ref idref="fl-4"/>
      </object_component>
      <object_component id="oc-12c">
         <name>.bss:g_pcUARTTxBuffer</name>
         <uninitialized>true</uninitialized>
         <run_address>0x20000000</run_address>
         <size>0x400</size>
         <input_file_ref idref="fl-3"/>
      </object_component>
      <object_component id="oc-1dc">
         <name>.bss:g_sSHT21Inst</name>
         <uninitialized>true</uninitialized>
         <run_address>0x200005d4</run_address>
         <size>0x2c</size>
         <input_file_ref idref="fl-4"/>
      </object_component>
      <object_component id="oc-270">
         <name>.common:g_ui32Colors</name>
         <uninitialized>true</uninitialized>
         <run_address>0x2000060c</run_address>
         <size>0xc</size>
      </object_component>
      <object_component id="oc-d0">
         <name>.common:ulFlags$1</name>
         <uninitialized>true</uninitialized>
         <run_address>0x20000624</run_address>
         <size>0x4</size>
      </object_component>
      <object_component id="oc-b4">
         <name>.common:g_bDisableEcho</name>
         <uninitialized>true</uninitialized>
         <run_address>0x20000628</run_address>
         <size>0x1</size>
      </object_component>
      <object_component id="oc-2f2">
         <name>.common:g_ui32PortNum</name>
         <uninitialized>true</uninitialized>
         <run_address>0x20000618</run_address>
         <size>0x4</size>
      </object_component>
      <object_component id="oc-295">
         <name>.common:g_vui8DataFlag</name>
         <uninitialized>true</uninitialized>
         <run_address>0x2000061c</run_address>
         <size>0x4</size>
      </object_component>
      <object_component id="oc-2d3">
         <name>.common:g_vui8ErrorFlag</name>
         <uninitialized>true</uninitialized>
         <run_address>0x20000620</run_address>
         <size>0x4</size>
      </object_component>
      <object_component id="oc-2d2">
         <name>.common:g_pui32Colors</name>
         <uninitialized>true</uninitialized>
         <run_address>0x20000600</run_address>
         <size>0xc</size>
      </object_component>
      <object_component id="oc-23">
         <name>.stack</name>
         <uninitialized>true</uninitialized>
         <run_address>0x2000062c</run_address>
         <size>0x0</size>
         <input_file_ref idref="fl-134"/>
      </object_component>
      <object_component id="oc-3c2">
         <name>.stack</name>
         <uninitialized>true</uninitialized>
         <run_address>0x2000062c</run_address>
         <size>0x0</size>
      </object_component>
      <object_component id="oc-f">
         <name>.debug_info</name>
         <load_address>0x0</load_address>
         <run_address>0x0</run_address>
         <size>0xdd</size>
         <input_file_ref idref="fl-5"/>
      </object_component>
      <object_component id="oc-13">
         <name>.debug_info</name>
         <load_address>0xdd</load_address>
         <run_address>0xdd</run_address>
         <size>0xf3</size>
         <input_file_ref idref="fl-134"/>
      </object_component>
      <object_component id="oc-17">
         <name>.debug_info</name>
         <load_address>0x1d0</load_address>
         <run_address>0x1d0</run_address>
         <size>0x194</size>
         <input_file_ref idref="fl-135"/>
      </object_component>
      <object_component id="oc-1a">
         <name>.debug_info</name>
         <load_address>0x364</load_address>
         <run_address>0x364</run_address>
         <size>0x16a</size>
         <input_file_ref idref="fl-137"/>
      </object_component>
      <object_component id="oc-1f">
         <name>.debug_info</name>
         <load_address>0x4ce</load_address>
         <run_address>0x4ce</run_address>
         <size>0x18e</size>
         <input_file_ref idref="fl-136"/>
      </object_component>
      <object_component id="oc-26">
         <name>.debug_info</name>
         <load_address>0x65c</load_address>
         <run_address>0x65c</run_address>
         <size>0x10d</size>
         <input_file_ref idref="fl-5"/>
      </object_component>
      <object_component id="oc-2b">
         <name>.debug_info</name>
         <load_address>0x769</load_address>
         <run_address>0x769</run_address>
         <size>0xfe</size>
         <input_file_ref idref="fl-5"/>
      </object_component>
      <object_component id="oc-30">
         <name>.debug_info</name>
         <load_address>0x867</load_address>
         <run_address>0x867</run_address>
         <size>0x104</size>
         <input_file_ref idref="fl-5"/>
      </object_component>
      <object_component id="oc-36">
         <name>.debug_info</name>
         <load_address>0x96b</load_address>
         <run_address>0x96b</run_address>
         <size>0x116</size>
         <input_file_ref idref="fl-5"/>
      </object_component>
      <object_component id="oc-39">
         <name>.debug_info</name>
         <load_address>0xa81</load_address>
         <run_address>0xa81</run_address>
         <size>0x17c</size>
         <input_file_ref idref="fl-4"/>
      </object_component>
      <object_component id="oc-3e">
         <name>.debug_info</name>
         <load_address>0xbfd</load_address>
         <run_address>0xbfd</run_address>
         <size>0x2c1</size>
         <input_file_ref idref="fl-3"/>
      </object_component>
      <object_component id="oc-43">
         <name>.debug_info</name>
         <load_address>0xebe</load_address>
         <run_address>0xebe</run_address>
         <size>0x148</size>
         <input_file_ref idref="fl-4"/>
      </object_component>
      <object_component id="oc-48">
         <name>.debug_info</name>
         <load_address>0x1006</load_address>
         <run_address>0x1006</run_address>
         <size>0x259</size>
         <input_file_ref idref="fl-2"/>
      </object_component>
      <object_component id="oc-4e">
         <name>.debug_info</name>
         <load_address>0x125f</load_address>
         <run_address>0x125f</run_address>
         <size>0x198</size>
         <input_file_ref idref="fl-5"/>
      </object_component>
      <object_component id="oc-50">
         <name>.debug_info</name>
         <load_address>0x13f7</load_address>
         <run_address>0x13f7</run_address>
         <size>0x13d</size>
         <input_file_ref idref="fl-13f"/>
      </object_component>
      <object_component id="oc-57">
         <name>.debug_info</name>
         <load_address>0x1534</load_address>
         <run_address>0x1534</run_address>
         <size>0x11c</size>
         <input_file_ref idref="fl-13e"/>
      </object_component>
      <object_component id="oc-5c">
         <name>.debug_info</name>
         <load_address>0x1650</load_address>
         <run_address>0x1650</run_address>
         <size>0x1c2</size>
         <input_file_ref idref="fl-138"/>
      </object_component>
      <object_component id="oc-5e">
         <name>.debug_info</name>
         <load_address>0x1812</load_address>
         <run_address>0x1812</run_address>
         <size>0xbe</size>
         <input_file_ref idref="fl-13b"/>
      </object_component>
      <object_component id="oc-61">
         <name>.debug_info</name>
         <load_address>0x18d0</load_address>
         <run_address>0x18d0</run_address>
         <size>0xcc</size>
         <input_file_ref idref="fl-13a"/>
      </object_component>
      <object_component id="oc-65">
         <name>.debug_info</name>
         <load_address>0x199c</load_address>
         <run_address>0x199c</run_address>
         <size>0x46</size>
         <input_file_ref idref="fl-135"/>
      </object_component>
      <object_component id="oc-6a">
         <name>.debug_info</name>
         <load_address>0x19e2</load_address>
         <run_address>0x19e2</run_address>
         <size>0xf2</size>
         <input_file_ref idref="fl-135"/>
      </object_component>
      <object_component id="oc-6c">
         <name>.debug_info</name>
         <load_address>0x1ad4</load_address>
         <run_address>0x1ad4</run_address>
         <size>0x46</size>
         <input_file_ref idref="fl-137"/>
      </object_component>
      <object_component id="oc-71">
         <name>.debug_info</name>
         <load_address>0x1b1a</load_address>
         <run_address>0x1b1a</run_address>
         <size>0xad</size>
         <input_file_ref idref="fl-137"/>
      </object_component>
      <object_component id="oc-74">
         <name>.debug_info</name>
         <load_address>0x1bc7</load_address>
         <run_address>0x1bc7</run_address>
         <size>0x1ef</size>
         <input_file_ref idref="fl-136"/>
      </object_component>
      <object_component id="oc-78">
         <name>.debug_info</name>
         <load_address>0x1db6</load_address>
         <run_address>0x1db6</run_address>
         <size>0xb7</size>
         <input_file_ref idref="fl-136"/>
      </object_component>
      <object_component id="oc-79">
         <name>.debug_info</name>
         <load_address>0x1e6d</load_address>
         <run_address>0x1e6d</run_address>
         <size>0x39</size>
         <input_file_ref idref="fl-136"/>
      </object_component>
      <object_component id="oc-83">
         <name>.debug_info</name>
         <load_address>0x1ea6</load_address>
         <run_address>0x1ea6</run_address>
         <size>0x1e3</size>
         <input_file_ref idref="fl-144"/>
      </object_component>
      <object_component id="oc-88">
         <name>.debug_info</name>
         <load_address>0x2089</load_address>
         <run_address>0x2089</run_address>
         <size>0x1f1</size>
         <input_file_ref idref="fl-144"/>
      </object_component>
      <object_component id="oc-8e">
         <name>.debug_info</name>
         <load_address>0x227a</load_address>
         <run_address>0x227a</run_address>
         <size>0x24f</size>
         <input_file_ref idref="fl-146"/>
      </object_component>
      <object_component id="oc-92">
         <name>.debug_info</name>
         <load_address>0x24c9</load_address>
         <run_address>0x24c9</run_address>
         <size>0xe6</size>
         <input_file_ref idref="fl-4"/>
      </object_component>
      <object_component id="oc-94">
         <name>.debug_info</name>
         <load_address>0x25af</load_address>
         <run_address>0x25af</run_address>
         <size>0x18f</size>
         <input_file_ref idref="fl-4"/>
      </object_component>
      <object_component id="oc-99">
         <name>.debug_info</name>
         <load_address>0x273e</load_address>
         <run_address>0x273e</run_address>
         <size>0x18b</size>
         <input_file_ref idref="fl-2"/>
      </object_component>
      <object_component id="oc-9f">
         <name>.debug_info</name>
         <load_address>0x28c9</load_address>
         <run_address>0x28c9</run_address>
         <size>0x206</size>
         <input_file_ref idref="fl-3"/>
      </object_component>
      <object_component id="oc-a4">
         <name>.debug_info</name>
         <load_address>0x2acf</load_address>
         <run_address>0x2acf</run_address>
         <size>0x22d</size>
         <input_file_ref idref="fl-3"/>
      </object_component>
      <object_component id="oc-a9">
         <name>.debug_info</name>
         <load_address>0x2cfc</load_address>
         <run_address>0x2cfc</run_address>
         <size>0x243</size>
         <input_file_ref idref="fl-3"/>
      </object_component>
      <object_component id="oc-ae">
         <name>.debug_info</name>
         <load_address>0x2f3f</load_address>
         <run_address>0x2f3f</run_address>
         <size>0x25d</size>
         <input_file_ref idref="fl-3"/>
      </object_component>
      <object_component id="oc-b3">
         <name>.debug_info</name>
         <load_address>0x319c</load_address>
         <run_address>0x319c</run_address>
         <size>0x1e9</size>
         <input_file_ref idref="fl-3"/>
      </object_component>
      <object_component id="oc-b5">
         <name>.debug_info</name>
         <load_address>0x3385</load_address>
         <run_address>0x3385</run_address>
         <size>0x1a9</size>
         <input_file_ref idref="fl-3"/>
      </object_component>
      <object_component id="oc-b7">
         <name>.debug_info</name>
         <load_address>0x352e</load_address>
         <run_address>0x352e</run_address>
         <size>0x109</size>
         <input_file_ref idref="fl-3"/>
      </object_component>
      <object_component id="oc-b9">
         <name>.debug_info</name>
         <load_address>0x3637</load_address>
         <run_address>0x3637</run_address>
         <size>0x8b</size>
         <input_file_ref idref="fl-3"/>
      </object_component>
      <object_component id="oc-bf">
         <name>.debug_info</name>
         <load_address>0x36c2</load_address>
         <run_address>0x36c2</run_address>
         <size>0x418</size>
         <input_file_ref idref="fl-148"/>
      </object_component>
      <object_component id="oc-c4">
         <name>.debug_info</name>
         <load_address>0x3ada</load_address>
         <run_address>0x3ada</run_address>
         <size>0xe0</size>
         <input_file_ref idref="fl-4"/>
      </object_component>
      <object_component id="oc-c7">
         <name>.debug_info</name>
         <load_address>0x3bba</load_address>
         <run_address>0x3bba</run_address>
         <size>0x228</size>
         <input_file_ref idref="fl-2"/>
      </object_component>
      <object_component id="oc-cc">
         <name>.debug_info</name>
         <load_address>0x3de2</load_address>
         <run_address>0x3de2</run_address>
         <size>0x250</size>
         <input_file_ref idref="fl-2"/>
      </object_component>
      <object_component id="oc-d2">
         <name>.debug_info</name>
         <load_address>0x4032</load_address>
         <run_address>0x4032</run_address>
         <size>0x84</size>
         <input_file_ref idref="fl-2"/>
      </object_component>
      <object_component id="oc-da">
         <name>.debug_info</name>
         <load_address>0x40b6</load_address>
         <run_address>0x40b6</run_address>
         <size>0x14b</size>
         <input_file_ref idref="fl-140"/>
      </object_component>
      <object_component id="oc-e0">
         <name>.debug_info</name>
         <load_address>0x4201</load_address>
         <run_address>0x4201</run_address>
         <size>0x46a</size>
         <input_file_ref idref="fl-4"/>
      </object_component>
      <object_component id="oc-e5">
         <name>.debug_info</name>
         <load_address>0x466b</load_address>
         <run_address>0x466b</run_address>
         <size>0x11b</size>
         <input_file_ref idref="fl-13e"/>
      </object_component>
      <object_component id="oc-e7">
         <name>.debug_info</name>
         <load_address>0x4786</load_address>
         <run_address>0x4786</run_address>
         <size>0xc8</size>
         <input_file_ref idref="fl-13d"/>
      </object_component>
      <object_component id="oc-e9">
         <name>.debug_info</name>
         <load_address>0x484e</load_address>
         <run_address>0x484e</run_address>
         <size>0xeb</size>
         <input_file_ref idref="fl-138"/>
      </object_component>
      <object_component id="oc-eb">
         <name>.debug_info</name>
         <load_address>0x4939</load_address>
         <run_address>0x4939</run_address>
         <size>0x146</size>
         <input_file_ref idref="fl-138"/>
      </object_component>
      <object_component id="oc-ef">
         <name>.debug_info</name>
         <load_address>0x4a7f</load_address>
         <run_address>0x4a7f</run_address>
         <size>0x2c</size>
         <input_file_ref idref="fl-135"/>
      </object_component>
      <object_component id="oc-f6">
         <name>.debug_info</name>
         <load_address>0x4aab</load_address>
         <run_address>0x4aab</run_address>
         <size>0x2c</size>
         <input_file_ref idref="fl-137"/>
      </object_component>
      <object_component id="oc-101">
         <name>.debug_info</name>
         <load_address>0x4ad7</load_address>
         <run_address>0x4ad7</run_address>
         <size>0x18b</size>
         <input_file_ref idref="fl-141"/>
      </object_component>
      <object_component id="oc-106">
         <name>.debug_info</name>
         <load_address>0x4c62</load_address>
         <run_address>0x4c62</run_address>
         <size>0x90</size>
         <input_file_ref idref="fl-141"/>
      </object_component>
      <object_component id="oc-10b">
         <name>.debug_info</name>
         <load_address>0x4cf2</load_address>
         <run_address>0x4cf2</run_address>
         <size>0x1d7</size>
         <input_file_ref idref="fl-144"/>
      </object_component>
      <object_component id="oc-10e">
         <name>.debug_info</name>
         <load_address>0x4ec9</load_address>
         <run_address>0x4ec9</run_address>
         <size>0x3e8</size>
         <input_file_ref idref="fl-148"/>
      </object_component>
      <object_component id="oc-113">
         <name>.debug_info</name>
         <load_address>0x52b1</load_address>
         <run_address>0x52b1</run_address>
         <size>0x231</size>
         <input_file_ref idref="fl-146"/>
      </object_component>
      <object_component id="oc-118">
         <name>.debug_info</name>
         <load_address>0x54e2</load_address>
         <run_address>0x54e2</run_address>
         <size>0x18b</size>
         <input_file_ref idref="fl-146"/>
      </object_component>
      <object_component id="oc-11d">
         <name>.debug_info</name>
         <load_address>0x566d</load_address>
         <run_address>0x566d</run_address>
         <size>0x334</size>
         <input_file_ref idref="fl-146"/>
      </object_component>
      <object_component id="oc-120">
         <name>.debug_info</name>
         <load_address>0x59a1</load_address>
         <run_address>0x59a1</run_address>
         <size>0x130</size>
         <input_file_ref idref="fl-4"/>
      </object_component>
      <object_component id="oc-126">
         <name>.debug_info</name>
         <load_address>0x5ad1</load_address>
         <run_address>0x5ad1</run_address>
         <size>0x815</size>
         <input_file_ref idref="fl-4"/>
      </object_component>
      <object_component id="oc-12b">
         <name>.debug_info</name>
         <load_address>0x62e6</load_address>
         <run_address>0x62e6</run_address>
         <size>0x17d</size>
         <input_file_ref idref="fl-3"/>
      </object_component>
      <object_component id="oc-12d">
         <name>.debug_info</name>
         <load_address>0x6463</load_address>
         <run_address>0x6463</run_address>
         <size>0x109</size>
         <input_file_ref idref="fl-3"/>
      </object_component>
      <object_component id="oc-139">
         <name>.debug_info</name>
         <load_address>0x656c</load_address>
         <run_address>0x656c</run_address>
         <size>0x1b6</size>
         <input_file_ref idref="fl-155"/>
      </object_component>
      <object_component id="oc-13e">
         <name>.debug_info</name>
         <load_address>0x6722</load_address>
         <run_address>0x6722</run_address>
         <size>0x1e2</size>
         <input_file_ref idref="fl-155"/>
      </object_component>
      <object_component id="oc-143">
         <name>.debug_info</name>
         <load_address>0x6904</load_address>
         <run_address>0x6904</run_address>
         <size>0x273</size>
         <input_file_ref idref="fl-148"/>
      </object_component>
      <object_component id="oc-148">
         <name>.debug_info</name>
         <load_address>0x6b77</load_address>
         <run_address>0x6b77</run_address>
         <size>0x205</size>
         <input_file_ref idref="fl-148"/>
      </object_component>
      <object_component id="oc-14d">
         <name>.debug_info</name>
         <load_address>0x6d7c</load_address>
         <run_address>0x6d7c</run_address>
         <size>0x21e</size>
         <input_file_ref idref="fl-148"/>
      </object_component>
      <object_component id="oc-152">
         <name>.debug_info</name>
         <load_address>0x6f9a</load_address>
         <run_address>0x6f9a</run_address>
         <size>0x22b</size>
         <input_file_ref idref="fl-148"/>
      </object_component>
      <object_component id="oc-157">
         <name>.debug_info</name>
         <load_address>0x71c5</load_address>
         <run_address>0x71c5</run_address>
         <size>0x229</size>
         <input_file_ref idref="fl-148"/>
      </object_component>
      <object_component id="oc-15c">
         <name>.debug_info</name>
         <load_address>0x73ee</load_address>
         <run_address>0x73ee</run_address>
         <size>0x223</size>
         <input_file_ref idref="fl-148"/>
      </object_component>
      <object_component id="oc-161">
         <name>.debug_info</name>
         <load_address>0x7611</load_address>
         <run_address>0x7611</run_address>
         <size>0x21f</size>
         <input_file_ref idref="fl-148"/>
      </object_component>
      <object_component id="oc-166">
         <name>.debug_info</name>
         <load_address>0x7830</load_address>
         <run_address>0x7830</run_address>
         <size>0x24e</size>
         <input_file_ref idref="fl-148"/>
      </object_component>
      <object_component id="oc-16b">
         <name>.debug_info</name>
         <load_address>0x7a7e</load_address>
         <run_address>0x7a7e</run_address>
         <size>0x244</size>
         <input_file_ref idref="fl-148"/>
      </object_component>
      <object_component id="oc-170">
         <name>.debug_info</name>
         <load_address>0x7cc2</load_address>
         <run_address>0x7cc2</run_address>
         <size>0x22b</size>
         <input_file_ref idref="fl-148"/>
      </object_component>
      <object_component id="oc-175">
         <name>.debug_info</name>
         <load_address>0x7eed</load_address>
         <run_address>0x7eed</run_address>
         <size>0x291</size>
         <input_file_ref idref="fl-148"/>
      </object_component>
      <object_component id="oc-17a">
         <name>.debug_info</name>
         <load_address>0x817e</load_address>
         <run_address>0x817e</run_address>
         <size>0x3f7</size>
         <input_file_ref idref="fl-148"/>
      </object_component>
      <object_component id="oc-17d">
         <name>.debug_info</name>
         <load_address>0x8575</load_address>
         <run_address>0x8575</run_address>
         <size>0x4e6</size>
         <input_file_ref idref="fl-4"/>
      </object_component>
      <object_component id="oc-185">
         <name>.debug_info</name>
         <load_address>0x8a5b</load_address>
         <run_address>0x8a5b</run_address>
         <size>0x148</size>
         <input_file_ref idref="fl-140"/>
      </object_component>
      <object_component id="oc-187">
         <name>.debug_info</name>
         <load_address>0x8ba3</load_address>
         <run_address>0x8ba3</run_address>
         <size>0x181</size>
         <input_file_ref idref="fl-4"/>
      </object_component>
      <object_component id="oc-18c">
         <name>.debug_info</name>
         <load_address>0x8d24</load_address>
         <run_address>0x8d24</run_address>
         <size>0x1c5</size>
         <input_file_ref idref="fl-3"/>
      </object_component>
      <object_component id="oc-192">
         <name>.debug_info</name>
         <load_address>0x8ee9</load_address>
         <run_address>0x8ee9</run_address>
         <size>0x28f</size>
         <input_file_ref idref="fl-2"/>
      </object_component>
      <object_component id="oc-196">
         <name>.debug_info</name>
         <load_address>0x9178</load_address>
         <run_address>0x9178</run_address>
         <size>0x27a</size>
         <input_file_ref idref="fl-2"/>
      </object_component>
      <object_component id="oc-19b">
         <name>.debug_info</name>
         <load_address>0x93f2</load_address>
         <run_address>0x93f2</run_address>
         <size>0x253</size>
         <input_file_ref idref="fl-2"/>
      </object_component>
      <object_component id="oc-1a0">
         <name>.debug_info</name>
         <load_address>0x9645</load_address>
         <run_address>0x9645</run_address>
         <size>0x1e3</size>
         <input_file_ref idref="fl-144"/>
      </object_component>
      <object_component id="oc-1a5">
         <name>.debug_info</name>
         <load_address>0x9828</load_address>
         <run_address>0x9828</run_address>
         <size>0x1f3</size>
         <input_file_ref idref="fl-144"/>
      </object_component>
      <object_component id="oc-1aa">
         <name>.debug_info</name>
         <load_address>0x9a1b</load_address>
         <run_address>0x9a1b</run_address>
         <size>0x219</size>
         <input_file_ref idref="fl-142"/>
      </object_component>
      <object_component id="oc-1af">
         <name>.debug_info</name>
         <load_address>0x9c34</load_address>
         <run_address>0x9c34</run_address>
         <size>0x2b4</size>
         <input_file_ref idref="fl-148"/>
      </object_component>
      <object_component id="oc-1b4">
         <name>.debug_info</name>
         <load_address>0x9ee8</load_address>
         <run_address>0x9ee8</run_address>
         <size>0x290</size>
         <input_file_ref idref="fl-146"/>
      </object_component>
      <object_component id="oc-1bc">
         <name>.debug_info</name>
         <load_address>0xa178</load_address>
         <run_address>0xa178</run_address>
         <size>0x28b</size>
         <input_file_ref idref="fl-147"/>
      </object_component>
      <object_component id="oc-1be">
         <name>.debug_info</name>
         <load_address>0xa403</load_address>
         <run_address>0xa403</run_address>
         <size>0x1bf</size>
         <input_file_ref idref="fl-4"/>
      </object_component>
      <object_component id="oc-1c4">
         <name>.debug_info</name>
         <load_address>0xa5c2</load_address>
         <run_address>0xa5c2</run_address>
         <size>0x2a4</size>
         <input_file_ref idref="fl-146"/>
      </object_component>
      <object_component id="oc-1c8">
         <name>.debug_info</name>
         <load_address>0xa866</load_address>
         <run_address>0xa866</run_address>
         <size>0x2a0</size>
         <input_file_ref idref="fl-2"/>
      </object_component>
      <object_component id="oc-1ce">
         <name>.debug_info</name>
         <load_address>0xab06</load_address>
         <run_address>0xab06</run_address>
         <size>0x4d6</size>
         <input_file_ref idref="fl-146"/>
      </object_component>
      <object_component id="oc-1d2">
         <name>.debug_info</name>
         <load_address>0xafdc</load_address>
         <run_address>0xafdc</run_address>
         <size>0x332</size>
         <input_file_ref idref="fl-4"/>
      </object_component>
      <object_component id="oc-1d7">
         <name>.debug_info</name>
         <load_address>0xb30e</load_address>
         <run_address>0xb30e</run_address>
         <size>0x204</size>
         <input_file_ref idref="fl-4"/>
      </object_component>
      <object_component id="oc-1dd">
         <name>.debug_info</name>
         <load_address>0xb512</load_address>
         <run_address>0xb512</run_address>
         <size>0xe4</size>
         <input_file_ref idref="fl-4"/>
      </object_component>
      <object_component id="oc-1e3">
         <name>.debug_info</name>
         <load_address>0xb5f6</load_address>
         <run_address>0xb5f6</run_address>
         <size>0x5e</size>
         <input_file_ref idref="fl-13e"/>
      </object_component>
      <object_component id="oc-1ec">
         <name>.debug_info</name>
         <load_address>0xb654</load_address>
         <run_address>0xb654</run_address>
         <size>0x1d4</size>
         <input_file_ref idref="fl-13d"/>
      </object_component>
      <object_component id="oc-1ef">
         <name>.debug_info</name>
         <load_address>0xb828</load_address>
         <run_address>0xb828</run_address>
         <size>0xd9</size>
         <input_file_ref idref="fl-13d"/>
      </object_component>
      <object_component id="oc-1f7">
         <name>.debug_info</name>
         <load_address>0xb901</load_address>
         <run_address>0xb901</run_address>
         <size>0x205</size>
         <input_file_ref idref="fl-143"/>
      </object_component>
      <object_component id="oc-1fc">
         <name>.debug_info</name>
         <load_address>0xbb06</load_address>
         <run_address>0xbb06</run_address>
         <size>0x1ce</size>
         <input_file_ref idref="fl-143"/>
      </object_component>
      <object_component id="oc-201">
         <name>.debug_info</name>
         <load_address>0xbcd4</load_address>
         <run_address>0xbcd4</run_address>
         <size>0x1ce</size>
         <input_file_ref idref="fl-143"/>
      </object_component>
      <object_component id="oc-206">
         <name>.debug_info</name>
         <load_address>0xbea2</load_address>
         <run_address>0xbea2</run_address>
         <size>0x1cc</size>
         <input_file_ref idref="fl-143"/>
      </object_component>
      <object_component id="oc-20c">
         <name>.debug_info</name>
         <load_address>0xc06e</load_address>
         <run_address>0xc06e</run_address>
         <size>0x90</size>
         <input_file_ref idref="fl-146"/>
      </object_component>
      <object_component id="oc-213">
         <name>.debug_info</name>
         <load_address>0xc0fe</load_address>
         <run_address>0xc0fe</run_address>
         <size>0x4e6</size>
         <input_file_ref idref="fl-146"/>
      </object_component>
      <object_component id="oc-218">
         <name>.debug_info</name>
         <load_address>0xc5e4</load_address>
         <run_address>0xc5e4</run_address>
         <size>0x130</size>
         <input_file_ref idref="fl-146"/>
      </object_component>
      <object_component id="oc-21f">
         <name>.debug_info</name>
         <load_address>0xc714</load_address>
         <run_address>0xc714</run_address>
         <size>0x130</size>
         <input_file_ref idref="fl-4"/>
      </object_component>
      <object_component id="oc-22a">
         <name>.debug_info</name>
         <load_address>0xc844</load_address>
         <run_address>0xc844</run_address>
         <size>0x1d8</size>
         <input_file_ref idref="fl-155"/>
      </object_component>
      <object_component id="oc-22e">
         <name>.debug_info</name>
         <load_address>0xca1c</load_address>
         <run_address>0xca1c</run_address>
         <size>0x1b8</size>
         <input_file_ref idref="fl-155"/>
      </object_component>
      <object_component id="oc-237">
         <name>.debug_info</name>
         <load_address>0xcbd4</load_address>
         <run_address>0xcbd4</run_address>
         <size>0x232</size>
         <input_file_ref idref="fl-155"/>
      </object_component>
      <object_component id="oc-23e">
         <name>.debug_info</name>
         <load_address>0xce06</load_address>
         <run_address>0xce06</run_address>
         <size>0x1e2</size>
         <input_file_ref idref="fl-155"/>
      </object_component>
      <object_component id="oc-248">
         <name>.debug_info</name>
         <load_address>0xcfe8</load_address>
         <run_address>0xcfe8</run_address>
         <size>0x4e6</size>
         <input_file_ref idref="fl-148"/>
      </object_component>
      <object_component id="oc-24f">
         <name>.debug_info</name>
         <load_address>0xd4ce</load_address>
         <run_address>0xd4ce</run_address>
         <size>0xcd</size>
         <input_file_ref idref="fl-140"/>
      </object_component>
      <object_component id="oc-256">
         <name>.debug_info</name>
         <load_address>0xd59b</load_address>
         <run_address>0xd59b</run_address>
         <size>0x1f5</size>
         <input_file_ref idref="fl-141"/>
      </object_component>
      <object_component id="oc-25a">
         <name>.debug_info</name>
         <load_address>0xd790</load_address>
         <run_address>0xd790</run_address>
         <size>0x29b</size>
         <input_file_ref idref="fl-3"/>
      </object_component>
      <object_component id="oc-260">
         <name>.debug_info</name>
         <load_address>0xda2b</load_address>
         <run_address>0xda2b</run_address>
         <size>0x32a</size>
         <input_file_ref idref="fl-3"/>
      </object_component>
      <object_component id="oc-265">
         <name>.debug_info</name>
         <load_address>0xdd55</load_address>
         <run_address>0xdd55</run_address>
         <size>0x4e</size>
         <input_file_ref idref="fl-2"/>
      </object_component>
      <object_component id="oc-26b">
         <name>.debug_info</name>
         <load_address>0xdda3</load_address>
         <run_address>0xdda3</run_address>
         <size>0x193</size>
         <input_file_ref idref="fl-2"/>
      </object_component>
      <object_component id="oc-26d">
         <name>.debug_info</name>
         <load_address>0xdf36</load_address>
         <run_address>0xdf36</run_address>
         <size>0x12b</size>
         <input_file_ref idref="fl-2"/>
      </object_component>
      <object_component id="oc-274">
         <name>.debug_info</name>
         <load_address>0xe061</load_address>
         <run_address>0xe061</run_address>
         <size>0x217</size>
         <input_file_ref idref="fl-144"/>
      </object_component>
      <object_component id="oc-279">
         <name>.debug_info</name>
         <load_address>0xe278</load_address>
         <run_address>0xe278</run_address>
         <size>0x312</size>
         <input_file_ref idref="fl-144"/>
      </object_component>
      <object_component id="oc-27f">
         <name>.debug_info</name>
         <load_address>0xe58a</load_address>
         <run_address>0xe58a</run_address>
         <size>0xff</size>
         <input_file_ref idref="fl-142"/>
      </object_component>
      <object_component id="oc-282">
         <name>.debug_info</name>
         <load_address>0xe689</load_address>
         <run_address>0xe689</run_address>
         <size>0x24c</size>
         <input_file_ref idref="fl-155"/>
      </object_component>
      <object_component id="oc-287">
         <name>.debug_info</name>
         <load_address>0xe8d5</load_address>
         <run_address>0xe8d5</run_address>
         <size>0x1fe</size>
         <input_file_ref idref="fl-155"/>
      </object_component>
      <object_component id="oc-291">
         <name>.debug_info</name>
         <load_address>0xead3</load_address>
         <run_address>0xead3</run_address>
         <size>0x1f5</size>
         <input_file_ref idref="fl-147"/>
      </object_component>
      <object_component id="oc-293">
         <name>.debug_info</name>
         <load_address>0xecc8</load_address>
         <run_address>0xecc8</run_address>
         <size>0x30b</size>
         <input_file_ref idref="fl-147"/>
      </object_component>
      <object_component id="oc-298">
         <name>.debug_info</name>
         <load_address>0xefd3</load_address>
         <run_address>0xefd3</run_address>
         <size>0x32f</size>
         <input_file_ref idref="fl-148"/>
      </object_component>
      <object_component id="oc-29f">
         <name>.debug_info</name>
         <load_address>0xf302</load_address>
         <run_address>0xf302</run_address>
         <size>0xee</size>
         <input_file_ref idref="fl-139"/>
      </object_component>
      <object_component id="oc-2a3">
         <name>.debug_info</name>
         <load_address>0xf3f0</load_address>
         <run_address>0xf3f0</run_address>
         <size>0x243</size>
         <input_file_ref idref="fl-146"/>
      </object_component>
      <object_component id="oc-2a9">
         <name>.debug_info</name>
         <load_address>0xf633</load_address>
         <run_address>0xf633</run_address>
         <size>0xdf</size>
         <input_file_ref idref="fl-14d"/>
      </object_component>
      <object_component id="oc-2ac">
         <name>.debug_info</name>
         <load_address>0xf712</load_address>
         <run_address>0xf712</run_address>
         <size>0xed</size>
         <input_file_ref idref="fl-14b"/>
      </object_component>
      <object_component id="oc-2b0">
         <name>.debug_info</name>
         <load_address>0xf7ff</load_address>
         <run_address>0xf7ff</run_address>
         <size>0xff</size>
         <input_file_ref idref="fl-149"/>
      </object_component>
      <object_component id="oc-2b5">
         <name>.debug_info</name>
         <load_address>0xf8fe</load_address>
         <run_address>0xf8fe</run_address>
         <size>0xe8</size>
         <input_file_ref idref="fl-14c"/>
      </object_component>
      <object_component id="oc-2b8">
         <name>.debug_info</name>
         <load_address>0xf9e6</load_address>
         <run_address>0xf9e6</run_address>
         <size>0x10d</size>
         <input_file_ref idref="fl-14e"/>
      </object_component>
      <object_component id="oc-2c1">
         <name>.debug_info</name>
         <load_address>0xfaf3</load_address>
         <run_address>0xfaf3</run_address>
         <size>0x27e</size>
         <input_file_ref idref="fl-147"/>
      </object_component>
      <object_component id="oc-2c6">
         <name>.debug_info</name>
         <load_address>0xfd71</load_address>
         <run_address>0xfd71</run_address>
         <size>0x24a</size>
         <input_file_ref idref="fl-147"/>
      </object_component>
      <object_component id="oc-2cb">
         <name>.debug_info</name>
         <load_address>0xffbb</load_address>
[...]
      <handler>
         <index>0x0</index>
         <name>__TI_decompress_rle24</name>
      </handler>
      <handler>
         <index>0x1</index>
         <name>__TI_decompress_none</name>
      </handler>
      <handler>
         <index>0x2</index>
         <name>__TI_zero_init</name>
      </handler>
   </handler_table>
   <symbol_table>
      <symbol id="sm-1">
         <name>__STACK_TOP</name>
         <value>0x20000a2c</value>
      </symbol>
      <symbol id="sm-2">
         <name>__TI_CINIT_Base</name>
         <value>0x2cc0</value>
      </symbol>
      <symbol id="sm-3">
         <name>__TI_CINIT_Limit</name>
         <value>0x2cd0</value>
      </symbol>
      <symbol id="sm-4">
         <name>__TI_Handler_Table_Base</name>
         <value>0x2ca8</value>
      </symbol>
      <symbol id="sm-5">
         <name>__TI_Handler_Table_Limit</name>
         <value>0x2cb4</value>
      </symbol>
      <symbol id="sm-6">
         <name>binit</name>
         <value>0xffffffff</value>
      </symbol>
      <symbol id="sm-7">
         <name>__binit__</name>
         <value>0xffffffff</value>
      </symbol>
      <symbol id="sm-8">
         <name>__STACK_SIZE</name>
         <value>0x400</value>
      </symbol>
      <symbol id="sm-9">
         <name>__STACK_END</name>
         <value>0x20000a2c</value>
      </symbol>
      <symbol id="sm-a">
         <name>__c_args__</name>
         <value>0xffffffff</value>
      </symbol>
      <symbol id="sm-91">
         <name>RGBDisable</name>
         <value>0x1cf5</value>
         <object_component_ref idref="oc-c6"/>
      </symbol>
      <symbol id="sm-92">
         <name>RGBBlinkRateSet</name>
         <value>0x1b9d</value>
         <object_component_ref idref="oc-1c7"/>
      </symbol>
      <symbol id="sm-93">
         <name>RGBIntensitySet</name>
         <value>0x2a51</value>
         <object_component_ref idref="oc-19a"/>
      </symbol>
      <symbol id="sm-94">
         <name>RGBBlinkIntHandler</name>
         <value>0x2745</value>
         <object_component_ref idref="oc-47"/>
      </symbol>
      <symbol id="sm-95">
         <name>RGBEnable</name>
         <value>0x14e5</value>
         <object_component_ref idref="oc-cb"/>
      </symbol>
      <symbol id="sm-96">
         <name>RGBInit</name>
         <value>0x11f5</value>
         <object_component_ref idref="oc-190"/>
      </symbol>
      <symbol id="sm-97">
         <name>RGBColorSet</name>
         <value>0x1975</value>
         <object_component_ref idref="oc-195"/>
      </symbol>
      <symbol id="sm-175">
         <name>UARTFlushRx</name>
         <value>0x28e1</value>
         <object_component_ref idref="oc-2e8"/>
      </symbol>
      <symbol id="sm-176">
         <name>UARTFlushTx</name>
         <value>0x26d1</value>
         <object_component_ref idref="oc-2ed"/>
      </symbol>
      <symbol id="sm-177">
         <name>UARTStdioConfig</name>
         <value>0x1655</value>
         <object_component_ref idref="oc-259"/>
      </symbol>
      <symbol id="sm-178">
         <name>UARTStdioIntHandler</name>
         <value>0xd15</value>
         <object_component_ref idref="oc-3d"/>
      </symbol>
      <symbol id="sm-179">
         <name>UARTwrite</name>
         <value>0x1705</value>
         <object_component_ref idref="oc-a8"/>
      </symbol>
      <symbol id="sm-17a">
         <name>UARTprintf</name>
         <value>0x29a5</value>
         <object_component_ref idref="oc-18b"/>
      </symbol>
      <symbol id="sm-17b">
         <name>UARTvprintf</name>
         <value>0x7c9</value>
         <object_component_ref idref="oc-25f"/>
      </symbol>
      <symbol id="sm-223">
         <name>g_vui8DataFlag</name>
         <value>0x2000061c</value>
      </symbol>
      <symbol id="sm-224">
         <name>g_vui8ErrorFlag</name>
         <value>0x20000620</value>
      </symbol>
      <symbol id="sm-225">
         <name>g_pui32Colors</name>
         <value>0x20000600</value>
      </symbol>
      <symbol id="sm-226">
         <name>g_sSHT21Inst</name>
         <value>0x200005d4</value>
         <object_component_ref idref="oc-1dc"/>
      </symbol>
      <symbol id="sm-227">
         <name>g_sI2CInst</name>
         <value>0x20000400</value>
         <object_component_ref idref="oc-c3"/>
      </symbol>
      <symbol id="sm-228">
         <name>TMP006I2CIntHandler</name>
         <value>0x2af9</value>
         <object_component_ref idref="oc-42"/>
      </symbol>
      <symbol id="sm-229">
         <name>TMP006AppCallback</name>
         <value>0x29f1</value>
         <object_component_ref idref="oc-93"/>
      </symbol>
      <symbol id="sm-22a">
         <name>main</name>
         <value>0x26d</value>
         <object_component_ref idref="oc-df"/>
      </symbol>
      <symbol id="sm-22b">
         <name>ConfigureUART</name>
         <value>0x1dc5</value>
         <object_component_ref idref="oc-186"/>
      </symbol>
      <symbol id="sm-22c">
         <name>TMP006AppErrorHandler</name>
         <value>0x15a5</value>
         <object_component_ref idref="oc-1d6"/>
      </symbol>
      <symbol id="sm-22d">
         <name>HumiditySht</name>
         <value>0xb69</value>
         <object_component_ref idref="oc-1d1"/>
      </symbol>
      <symbol id="sm-22e">
         <name>g_sTMP006Inst</name>
         <value>0x200005a4</value>
         <object_component_ref idref="oc-91"/>
      </symbol>
      <symbol id="sm-22f">
         <name>IntGPIOe</name>
         <value>0x27e9</value>
         <object_component_ref idref="oc-38"/>
      </symbol>
      <symbol id="sm-230">
         <name>SHT21AppI2CWait</name>
         <value>0x2505</value>
         <object_component_ref idref="oc-1bd"/>
      </symbol>
      <symbol id="sm-25c">
         <name>ResetISR</name>
         <value>0x2b2d</value>
         <object_component_ref idref="oc-24"/>
      </symbol>
      <symbol id="sm-25d">
         <name>g_pfnVectors</name>
         <value>0x0</value>
         <object_component_ref idref="oc-e"/>
      </symbol>
      <symbol id="sm-26c">
         <name>_c_int00</name>
         <value>0x2431</value>
         <object_component_ref idref="oc-10"/>
      </symbol>
      <symbol id="sm-26d">
         <name>__stack</name>
         <value>0x2000062c</value>
         <object_component_ref idref="oc-23"/>
      </symbol>
      <symbol id="sm-283">
         <name>__TI_decompress_none</name>
         <value>0x2ab9</value>
         <object_component_ref idref="oc-14"/>
      </symbol>
      <symbol id="sm-2a5">
         <name>__TI_decompress_rle24</name>
         <value>0x2b39</value>
         <object_component_ref idref="oc-1e"/>
      </symbol>
      <symbol id="sm-2bd">
         <name>__TI_zero_init</name>
         <value>0x2a8b</value>
         <object_component_ref idref="oc-19"/>
      </symbol>
      <symbol id="sm-2d9">
         <name>C$$EXIT</name>
         <value>0x258d</value>
         <object_component_ref idref="oc-58"/>
      </symbol>
      <symbol id="sm-2da">
         <name>abort</name>
         <value>0x2591</value>
         <object_component_ref idref="oc-58"/>
      </symbol>
      <symbol id="sm-2db">
         <name>exit</name>
         <value>0x2599</value>
         <object_component_ref idref="oc-58"/>
      </symbol>
      <symbol id="sm-2dc">
         <name>__TI_dtors_ptr</name>
         <value>0x20000b6c</value>
         <object_component_ref idref="oc-e8"/>
      </symbol>
      <symbol id="sm-2dd">
         <name>__TI_cleanup_ptr</name>
         <value>0x20000b68</value>
         <object_component_ref idref="oc-e8"/>
      </symbol>
      <symbol id="sm-2e6">
         <name>__aeabi_f2ulz</name>
         <value>0x221d</value>
         <object_component_ref idref="oc-29d"/>
      </symbol>
      <symbol id="sm-300">
         <name>memcpy</name>
         <value>0x17ad</value>
         <object_component_ref idref="oc-60"/>
      </symbol>
      <symbol id="sm-301">
         <name>__aeabi_memcpy</name>
         <value>0x17ad</value>
         <object_component_ref idref="oc-60"/>
      </symbol>
      <symbol id="sm-302">
         <name>__aeabi_memcpy8</name>
         <value>0x17ad</value>
         <object_component_ref idref="oc-60"/>
      </symbol>
      <symbol id="sm-303">
         <name>__aeabi_memcpy4</name>
         <value>0x17ad</value>
         <object_component_ref idref="oc-60"/>
      </symbol>
      <symbol id="sm-30a">
         <name>main_func_sp</name>
         <value>0x20000b80</value>
         <object_component_ref idref="oc-5d"/>
      </symbol>
      <symbol id="sm-319">
         <name>__aeabi_uidivmod</name>
         <value>0x25d1</value>
         <object_component_ref idref="oc-2f4"/>
      </symbol>
      <symbol id="sm-32f">
         <name>_nop</name>
         <value>0x2a73</value>
         <object_component_ref idref="oc-1e8"/>
      </symbol>
      <symbol id="sm-330">
         <name>_lock</name>
         <value>0x20000b60</value>
         <object_component_ref idref="oc-e6"/>
      </symbol>
      <symbol id="sm-331">
         <name>_unlock</name>
         <value>0x20000b64</value>
         <object_component_ref idref="oc-e6"/>
      </symbol>
      <symbol id="sm-332">
         <name>_register_lock</name>
         <value>0x2a6b</value>
         <object_component_ref idref="oc-1e8"/>
      </symbol>
      <symbol id="sm-333">
         <name>_register_unlock</name>
         <value>0x2a65</value>
         <object_component_ref idref="oc-1e8"/>
      </symbol>
      <symbol id="sm-346">
         <name>_args_main</name>
         <value>0x2a21</value>
         <object_component_ref idref="oc-53"/>
      </symbol>
      <symbol id="sm-362">
         <name>__TI_auto_init</name>
         <value>0x18e1</value>
         <object_component_ref idref="oc-4f"/>
      </symbol>
      <symbol id="sm-37a">
         <name>copy_in</name>
         <value>0x2549</value>
         <object_component_ref idref="oc-d9"/>
      </symbol>
      <symbol id="sm-390">
         <name>UARTClockSourceSet</name>
         <value>0x2b33</value>
         <object_component_ref idref="oc-254"/>
      </symbol>
      <symbol id="sm-3bf">
         <name>SysCtlClockGet</name>
         <value>0x10dd</value>
         <object_component_ref idref="oc-1a9"/>
      </symbol>
      <symbol id="sm-40d">
         <name>IntIsEnabled</name>
         <value>0x1e29</value>
         <object_component_ref idref="oc-1f6"/>
      </symbol>
      <symbol id="sm-40e">
         <name>IntEnable</name>
         <value>0x1eed</value>
         <object_component_ref idref="oc-205"/>
      </symbol>
      <symbol id="sm-40f">
         <name>IntTrigger</name>
         <value>0x2ad5</value>
         <object_component_ref idref="oc-200"/>
      </symbol>
      <symbol id="sm-410">
         <name>IntDisable</name>
         <value>0x1e8d</value>
         <object_component_ref idref="oc-1fb"/>
      </symbol>
      <symbol id="sm-447">
         <name>GPIOPinTypeI2CSCL</name>
         <value>0x2a79</value>
         <object_component_ref idref="oc-19f"/>
      </symbol>
      <symbol id="sm-448">
         <name>GPIOIntEnable</name>
         <value>0x2ac7</value>
         <object_component_ref idref="oc-1a4"/>
      </symbol>
      <symbol id="sm-449">
         <name>GPIOIntClear</name>
         <value>0x2b27</value>
         <object_component_ref idref="oc-87"/>
      </symbol>
      <symbol id="sm-44a">
         <name>GPIOIntStatus</name>
         <value>0x2a9d</value>
         <object_component_ref idref="oc-82"/>
      </symbol>
      <symbol id="sm-44b">
         <name>GPIODirModeSet</name>
         <value>0x290d</value>
         <object_component_ref idref="oc-272"/>
      </symbol>
      <symbol id="sm-44c">
         <name>GPIOPadConfigSet</name>
         <value>0xfab</value>
         <object_component_ref idref="oc-277"/>
      </symbol>
      <symbol id="sm-4ac">
         <name>TMP006DataTemperatureGetRaw</name>
         <value>0x2a09</value>
         <object_component_ref idref="oc-2a2"/>
      </symbol>
      <symbol id="sm-4ad">
         <name>TMP006Init</name>
         <value>0x20c5</value>
         <object_component_ref idref="oc-1b3"/>
      </symbol>
      <symbol id="sm-4ae">
         <name>TMP006DataTemperatureGetFloat</name>
         <value>0x5c5</value>
         <object_component_ref idref="oc-1cc"/>
      </symbol>
      <symbol id="sm-4af">
         <name>TMP006DataRead</name>
         <value>0x2179</value>
         <object_component_ref idref="oc-8c"/>
      </symbol>
      <symbol id="sm-4b0">
         <name>TMP006ReadModifyWrite</name>
         <value>0x1f4d</value>
         <object_component_ref idref="oc-1c2"/>
      </symbol>
      <symbol id="sm-510">
         <name>SHT21DataTemperatureGetRaw</name>
         <value>0x2aed</value>
         <object_component_ref idref="oc-341"/>
      </symbol>
      <symbol id="sm-511">
         <name>SHT21DataHumidityGetFloat</name>
         <value>0x1a91</value>
         <object_component_ref idref="oc-2c7"/>
      </symbol>
      <symbol id="sm-512">
         <name>SHT21DataTemperatureGetFloat</name>
         <value>0x1d5d</value>
         <object_component_ref idref="oc-2cc"/>
      </symbol>
      <symbol id="sm-513">
         <name>SHT21Write</name>
         <value>0x2309</value>
         <object_component_ref idref="oc-2bd"/>
      </symbol>
      <symbol id="sm-514">
         <name>SHT21DataRead</name>
         <value>0x22bd</value>
         <object_component_ref idref="oc-2c2"/>
      </symbol>
      <symbol id="sm-515">
         <name>SHT21Init</name>
         <value>0x21cd</value>
         <object_component_ref idref="oc-1b8"/>
      </symbol>
      <symbol id="sm-516">
         <name>SHT21DataHumidityGetRaw</name>
         <value>0x2ae1</value>
         <object_component_ref idref="oc-337"/>
      </symbol>
      <symbol id="sm-609">
         <name>I2CMWrite8</name>
         <value>0x2121</value>
         <object_component_ref idref="oc-330"/>
      </symbol>
      <symbol id="sm-60a">
         <name>I2CMCommand</name>
         <value>0x1b19</value>
         <object_component_ref idref="oc-10d"/>
      </symbol>
      <symbol id="sm-60b">
         <name>I2CMReadModifyWrite16LE</name>
         <value>0x1c15</value>
         <object_component_ref idref="oc-297"/>
      </symbol>
      <symbol id="sm-60c">
         <name>I2CMInit</name>
         <value>0x27b5</value>
         <object_component_ref idref="oc-1ae"/>
      </symbol>
      <symbol id="sm-60d">
         <name>I2CMTransferResume</name>
         <value>0x2851</value>
         <object_component_ref idref="oc-37d"/>
      </symbol>
      <symbol id="sm-60e">
         <name>I2CMIntHandler</name>
         <value>0x13f1</value>
         <object_component_ref idref="oc-be"/>
      </symbol>
      <symbol id="sm-624">
         <name>__aeabi_dsub</name>
         <value>0x9b3</value>
         <object_component_ref idref="oc-2af"/>
      </symbol>
      <symbol id="sm-625">
         <name>__aeabi_dadd</name>
         <value>0x9bd</value>
         <object_component_ref idref="oc-2af"/>
      </symbol>
      <symbol id="sm-638">
         <name>__aeabi_ddiv</name>
         <value>0xe75</value>
         <object_component_ref idref="oc-33c"/>
      </symbol>
      <symbol id="sm-642">
         <name>__aeabi_dmul</name>
         <value>0x12f5</value>
         <object_component_ref idref="oc-2ab"/>
      </symbol>
      <symbol id="sm-64b">
         <name>__aeabi_d2f</name>
         <value>0x2355</value>
         <object_component_ref idref="oc-2b3"/>
      </symbol>
      <symbol id="sm-655">
         <name>__aeabi_f2d</name>
         <value>0x277d</value>
         <object_component_ref idref="oc-2a7"/>
      </symbol>
      <symbol id="sm-669">
         <name>sqrtf</name>
         <value>0x2961</value>
         <object_component_ref idref="oc-2b7"/>
      </symbol>
      <symbol id="sm-677">
         <name>_Feraise</name>
         <value>0x2881</value>
         <object_component_ref idref="oc-327"/>
      </symbol>
      <symbol id="sm-685">
         <name>_FZero</name>
         <value>0x20000b44</value>
         <object_component_ref idref="oc-32c"/>
      </symbol>
      <symbol id="sm-686">
         <name>_FRteps</name>
         <value>0x20000b30</value>
         <object_component_ref idref="oc-32c"/>
      </symbol>
      <symbol id="sm-687">
         <name>_FSnan</name>
         <value>0x20000b20</value>
         <object_component_ref idref="oc-32c"/>
      </symbol>
      <symbol id="sm-688">
         <name>_FNan</name>
         <value>0x20000b10</value>
         <object_component_ref idref="oc-32c"/>
      </symbol>
      <symbol id="sm-689">
         <name>_FInf</name>
         <value>0x20000b00</value>
         <object_component_ref idref="oc-32c"/>
      </symbol>
      <symbol id="sm-68a">
         <name>_FEps</name>
         <value>0x20000af0</value>
         <object_component_ref idref="oc-32c"/>
      </symbol>
      <symbol id="sm-68b">
         <name>_FXbig</name>
         <value>0x20000b40</value>
         <object_component_ref idref="oc-32c"/>
      </symbol>
      <symbol id="sm-68c">
         <name>_FDenorm</name>
         <value>0x20000ae0</value>
         <object_component_ref idref="oc-32c"/>
      </symbol>
      <symbol id="sm-693">
         <name>_Errno</name>
         <value>0x20000b7c</value>
         <object_component_ref idref="oc-35e"/>
      </symbol>
      <symbol id="sm-6ae">
         <name>feraiseexcept</name>
         <value>0x281d</value>
         <object_component_ref idref="oc-359"/>
      </symbol>
      <symbol id="sm-6af">
         <name>_Tls_setup__Fenv</name>
         <value>0x20000b74</value>
         <object_component_ref idref="oc-378"/>
      </symbol>
      <symbol id="sm-6b0">
         <name>_Fenv</name>
         <value>0x20000b70</value>
         <object_component_ref idref="oc-378"/>
      </symbol>
      <symbol id="sm-6c3">
         <name>raise</name>
         <value>0x28b1</value>
         <object_component_ref idref="oc-373"/>
      </symbol>
      <symbol id="sm-6db">
         <name>signal</name>
         <value>0x2615</value>
         <object_component_ref idref="oc-383"/>
      </symbol>
      <symbol id="sm-71c">
         <name>I2CMasterDataPut</name>
         <value>0x2b47</value>
         <object_component_ref idref="oc-23d"/>
      </symbol>
      <symbol id="sm-71d">
         <name>I2CMasterInitExpClk</name>
         <value>0x23e9</value>
         <object_component_ref idref="oc-281"/>
      </symbol>
      <symbol id="sm-71e">
         <name>I2CMasterSlaveAddrSet</name>
         <value>0x2b1f</value>
         <object_component_ref idref="oc-236"/>
      </symbol>
      <symbol id="sm-71f">
         <name>I2CMasterDataGet</name>
         <value>0x2b43</value>
         <object_component_ref idref="oc-22d"/>
      </symbol>
      <symbol id="sm-720">
         <name>I2CMasterIntEnableEx</name>
         <value>0x2b17</value>
         <object_component_ref idref="oc-286"/>
      </symbol>
      <symbol id="sm-721">
         <name>I2CMasterControl</name>
         <value>0x2b3f</value>
         <object_component_ref idref="oc-13d"/>
      </symbol>
      <symbol id="sm-722">
         <name>I2CMasterEnable</name>
         <value>0x2b05</value>
         <object_component_ref idref="oc-302"/>
      </symbol>
      <symbol id="sm-723">
         <name>I2CMasterIntClear</name>
         <value>0x2b0f</value>
         <object_component_ref idref="oc-138"/>
      </symbol>
      <symbol id="sm-724">
         <name>__TI_static_base__</name>
         <value>0x0</value>
      </symbol>
      <symbol id="sm-725">
         <name>__TI_args_main</name>
         <value>0x1</value>
      </symbol>
      <symbol id="sm-726">
         <name>SHT$$INIT_ARRAY$$Limit</name>
         <value>0x0</value>
      </symbol>
      <symbol id="sm-727">
         <name>SHT$$INIT_ARRAY$$Base</name>
         <value>0x0</value>
      </symbol>
   </symbol_table>
   <title>Link successful</title>
</link_info>
